Component: ARM Compiler 5.06 update 5 (build 528) Tool: armlink [4d35e2]

==============================================================================

Section Cross References

    startup_stm32f10x_md.o(STACK) refers (Special) to heapauxi.o(.text) for __use_two_region_memory
    startup_stm32f10x_md.o(HEAP) refers (Special) to heapauxi.o(.text) for __use_two_region_memory
    startup_stm32f10x_md.o(RESET) refers (Special) to heapauxi.o(.text) for __use_two_region_memory
    startup_stm32f10x_md.o(RESET) refers to startup_stm32f10x_md.o(STACK) for __initial_sp
    startup_stm32f10x_md.o(RESET) refers to startup_stm32f10x_md.o(.text) for Reset_Handler
    startup_stm32f10x_md.o(RESET) refers to stm32f10x_it.o(i.NMI_Handler) for NMI_Handler
    startup_stm32f10x_md.o(RESET) refers to stm32f10x_it.o(i.HardFault_Handler) for HardFault_Handler
    startup_stm32f10x_md.o(RESET) refers to stm32f10x_it.o(i.MemManage_Handler) for MemManage_Handler
    startup_stm32f10x_md.o(RESET) refers to stm32f10x_it.o(i.BusFault_Handler) for BusFault_Handler
    startup_stm32f10x_md.o(RESET) refers to stm32f10x_it.o(i.UsageFault_Handler) for UsageFault_Handler
    startup_stm32f10x_md.o(RESET) refers to stm32f10x_it.o(i.SVC_Handler) for SVC_Handler
    startup_stm32f10x_md.o(RESET) refers to stm32f10x_it.o(i.DebugMon_Handler) for DebugMon_Handler
    startup_stm32f10x_md.o(RESET) refers to stm32f10x_it.o(i.PendSV_Handler) for PendSV_Handler
    startup_stm32f10x_md.o(RESET) refers to stm32f10x_it.o(i.SysTick_Handler) for SysTick_Handler
    startup_stm32f10x_md.o(RESET) refers to timer.o(i.TIM2_IRQHandler) for TIM2_IRQHandler
    startup_stm32f10x_md.o(RESET) refers to usart1.o(i.USART1_IRQHandler) for USART1_IRQHandler
    startup_stm32f10x_md.o(.text) refers (Special) to heapauxi.o(.text) for __use_two_region_memory
    startup_stm32f10x_md.o(.text) refers to system_stm32f10x.o(i.SystemInit) for SystemInit
    startup_stm32f10x_md.o(.text) refers to __main.o(!!!main) for __main
    startup_stm32f10x_md.o(.text) refers to startup_stm32f10x_md.o(HEAP) for Heap_Mem
    startup_stm32f10x_md.o(.text) refers to startup_stm32f10x_md.o(STACK) for Stack_Mem
    stm32f10x_adc.o(i.ADC_DeInit) refers to stm32f10x_rcc.o(i.RCC_APB2PeriphResetCmd) for RCC_APB2PeriphResetCmd
    stm32f10x_gpio.o(i.GPIO_AFIODeInit) refers to stm32f10x_rcc.o(i.RCC_APB2PeriphResetCmd) for RCC_APB2PeriphResetCmd
    stm32f10x_gpio.o(i.GPIO_DeInit) refers to stm32f10x_rcc.o(i.RCC_APB2PeriphResetCmd) for RCC_APB2PeriphResetCmd
    stm32f10x_rcc.o(i.RCC_GetClocksFreq) refers to stm32f10x_rcc.o(.data) for APBAHBPrescTable
    stm32f10x_rcc.o(i.RCC_WaitForHSEStartUp) refers to stm32f10x_rcc.o(i.RCC_GetFlagStatus) for RCC_GetFlagStatus
    stm32f10x_rtc.o(i.RTC_SetAlarm) refers to stm32f10x_rtc.o(i.RTC_EnterConfigMode) for RTC_EnterConfigMode
    stm32f10x_rtc.o(i.RTC_SetAlarm) refers to stm32f10x_rtc.o(i.RTC_ExitConfigMode) for RTC_ExitConfigMode
    stm32f10x_rtc.o(i.RTC_SetCounter) refers to stm32f10x_rtc.o(i.RTC_EnterConfigMode) for RTC_EnterConfigMode
    stm32f10x_rtc.o(i.RTC_SetCounter) refers to stm32f10x_rtc.o(i.RTC_ExitConfigMode) for RTC_ExitConfigMode
    stm32f10x_rtc.o(i.RTC_SetPrescaler) refers to stm32f10x_rtc.o(i.RTC_EnterConfigMode) for RTC_EnterConfigMode
    stm32f10x_rtc.o(i.RTC_SetPrescaler) refers to stm32f10x_rtc.o(i.RTC_ExitConfigMode) for RTC_ExitConfigMode
    stm32f10x_tim.o(i.TIM_DeInit) refers to stm32f10x_rcc.o(i.RCC_APB2PeriphResetCmd) for RCC_APB2PeriphResetCmd
    stm32f10x_tim.o(i.TIM_DeInit) refers to stm32f10x_rcc.o(i.RCC_APB1PeriphResetCmd) for RCC_APB1PeriphResetCmd
    stm32f10x_tim.o(i.TIM_ETRClockMode1Config) refers to stm32f10x_tim.o(i.TIM_ETRConfig) for TIM_ETRConfig
    stm32f10x_tim.o(i.TIM_ETRClockMode2Config) refers to stm32f10x_tim.o(i.TIM_ETRConfig) for TIM_ETRConfig
    stm32f10x_tim.o(i.TIM_ICInit) refers to stm32f10x_tim.o(i.TI1_Config) for TI1_Config
    stm32f10x_tim.o(i.TIM_ICInit) refers to stm32f10x_tim.o(i.TIM_SetIC1Prescaler) for TIM_SetIC1Prescaler
    stm32f10x_tim.o(i.TIM_ICInit) refers to stm32f10x_tim.o(i.TI2_Config) for TI2_Config
    stm32f10x_tim.o(i.TIM_ICInit) refers to stm32f10x_tim.o(i.TIM_SetIC2Prescaler) for TIM_SetIC2Prescaler
    stm32f10x_tim.o(i.TIM_ICInit) refers to stm32f10x_tim.o(i.TI3_Config) for TI3_Config
    stm32f10x_tim.o(i.TIM_ICInit) refers to stm32f10x_tim.o(i.TIM_SetIC3Prescaler) for TIM_SetIC3Prescaler
    stm32f10x_tim.o(i.TIM_ICInit) refers to stm32f10x_tim.o(i.TI4_Config) for TI4_Config
    stm32f10x_tim.o(i.TIM_ICInit) refers to stm32f10x_tim.o(i.TIM_SetIC4Prescaler) for TIM_SetIC4Prescaler
    stm32f10x_tim.o(i.TIM_ITRxExternalClockConfig) refers to stm32f10x_tim.o(i.TIM_SelectInputTrigger) for TIM_SelectInputTrigger
    stm32f10x_tim.o(i.TIM_PWMIConfig) refers to stm32f10x_tim.o(i.TI1_Config) for TI1_Config
    stm32f10x_tim.o(i.TIM_PWMIConfig) refers to stm32f10x_tim.o(i.TIM_SetIC1Prescaler) for TIM_SetIC1Prescaler
[...]
    ../clib/signal.c                         0x00000000   Number         0  defsig_pvfn_inner.o ABSOLUTE
    ../clib/signal.c                         0x00000000   Number         0  defsig_stak_inner.o ABSOLUTE
    ../clib/signal.c                         0x00000000   Number         0  defsig_rtred_inner.o ABSOLUTE
    ../clib/signal.c                         0x00000000   Number         0  defsig_fpe_inner.o ABSOLUTE
    ../clib/signal.c                         0x00000000   Number         0  defsig_abrt_inner.o ABSOLUTE
    ../clib/signal.c                         0x00000000   Number         0  defsig_general.o ABSOLUTE
    ../clib/signal.s                         0x00000000   Number         0  defsig.o ABSOLUTE
    ../clib/stdio.c                          0x00000000   Number         0  ferror.o ABSOLUTE
    ../clib/stdio.c                          0x00000000   Number         0  ferror_locked.o ABSOLUTE
    ../clib/stdlib.c                         0x00000000   Number         0  exit.o ABSOLUTE
    ../clib/string.c                         0x00000000   Number         0  strstr.o ABSOLUTE
    ../fplib/fpinit.s                        0x00000000   Number         0  fpinit.o ABSOLUTE
    ..\CMSIS\core_cm3.c                      0x00000000   Number         0  core_cm3.o ABSOLUTE
    ..\CMSIS\startup_stm32f10x_md.s          0x00000000   Number         0  startup_stm32f10x_md.o ABSOLUTE
    ..\Driver\as608.c                        0x00000000   Number         0  as608.o ABSOLUTE
    ..\Driver\gpio.c                         0x00000000   Number         0  gpio.o ABSOLUTE
    ..\Driver\lcd1602.c                      0x00000000   Number         0  lcd1602.o ABSOLUTE
    ..\Driver\rc522_config.c                 0x00000000   Number         0  rc522_config.o ABSOLUTE
    ..\Driver\rc522_function.c               0x00000000   Number         0  rc522_function.o ABSOLUTE
    ..\Driver\stmflash.c                     0x00000000   Number         0  stmflash.o ABSOLUTE
    ..\Driver\timer.c                        0x00000000   Number         0  timer.o ABSOLUTE
    ..\Libraries\src\misc.c                  0x00000000   Number         0  misc.o ABSOLUTE
    ..\Libraries\src\stm32f10x_adc.c         0x00000000   Number         0  stm32f10x_adc.o ABSOLUTE
    ..\Libraries\src\stm32f10x_exti.c        0x00000000   Number         0  stm32f10x_exti.o ABSOLUTE
    ..\Libraries\src\stm32f10x_flash.c       0x00000000   Number         0  stm32f10x_flash.o ABSOLUTE
    ..\Libraries\src\stm32f10x_gpio.c        0x00000000   Number         0  stm32f10x_gpio.o ABSOLUTE
    ..\Libraries\src\stm32f10x_rcc.c         0x00000000   Number         0  stm32f10x_rcc.o ABSOLUTE
    ..\Libraries\src\stm32f10x_rtc.c         0x00000000   Number         0  stm32f10x_rtc.o ABSOLUTE
    ..\Libraries\src\stm32f10x_tim.c         0x00000000   Number         0  stm32f10x_tim.o ABSOLUTE
    ..\Libraries\src\stm32f10x_usart.c       0x00000000   Number         0  stm32f10x_usart.o ABSOLUTE
    ..\SYSTEM\delay\delay.c                  0x00000000   Number         0  delay.o ABSOLUTE
    ..\SYSTEM\sys\sys.c                      0x00000000   Number         0  sys.o ABSOLUTE
    ..\System\usart\usart1.c                 0x00000000   Number         0  usart1.o ABSOLUTE
    ..\\CMSIS\\core_cm3.c                    0x00000000   Number         0  core_cm3.o ABSOLUTE
    dc.s                                     0x00000000   Number         0  dc.o ABSOLUTE
    main.c                                   0x00000000   Number         0  main.o ABSOLUTE
    stm32f10x_it.c                           0x00000000   Number         0  stm32f10x_it.o ABSOLUTE
    system_stm32f10x.c                       0x00000000   Number         0  system_stm32f10x.o ABSOLUTE
    RESET                                    0x08000000   Section      236  startup_stm32f10x_md.o(RESET)
    !!!main                                  0x080000ec   Section        8  __main.o(!!!main)
    !!!scatter                               0x080000f4   Section       52  __scatter.o(!!!scatter)
    !!handler_copy                           0x08000128   Section       26  __scatter_copy.o(!!handler_copy)
    !!handler_zi                             0x08000144   Section       28  __scatter_zi.o(!!handler_zi)
    .ARM.Collect$$_printf_percent$$00000000  0x08000160   Section        0  _printf_percent.o(.ARM.Collect$$_printf_percent$$00000000)
    .ARM.Collect$$_printf_percent$$00000009  0x08000160   Section        6  _printf_d.o(.ARM.Collect$$_printf_percent$$00000009)
    .ARM.Collect$$_printf_percent$$0000000C  0x08000166   Section        6  _printf_x.o(.ARM.Collect$$_printf_percent$$0000000C)
    .ARM.Collect$$_printf_percent$$00000014  0x0800016c   Section        6  _printf_s.o(.ARM.Collect$$_printf_percent$$00000014)
    .ARM.Collect$$_printf_percent$$00000017  0x08000172   Section        4  _printf_percent_end.o(.ARM.Collect$$_printf_percent$$00000017)
    .ARM.Collect$$libinit$$00000000          0x08000176   Section        2  libinit.o(.ARM.Collect$$libinit$$00000000)
    .ARM.Collect$$libinit$$00000002          0x08000178   Section        0  libinit2.o(.ARM.Collect$$libinit$$00000002)
    .ARM.Collect$$libinit$$00000004          0x08000178   Section        0  libinit2.o(.ARM.Collect$$libinit$$00000004)
    .ARM.Collect$$libinit$$0000000A          0x08000178   Section        0  libinit2.o(.ARM.Collect$$libinit$$0000000A)
    .ARM.Collect$$libinit$$0000000C          0x08000178   Section        0  libinit2.o(.ARM.Collect$$libinit$$0000000C)
    .ARM.Collect$$libinit$$0000000E          0x08000178   Section        0  libinit2.o(.ARM.Collect$$libinit$$0000000E)
    .ARM.Collect$$libinit$$00000011          0x08000178   Section        0  libinit2.o(.ARM.Collect$$libinit$$00000011)
    .ARM.Collect$$libinit$$00000013          0x08000178   Section        0  libinit2.o(.ARM.Collect$$libinit$$00000013)
    .ARM.Collect$$libinit$$00000015          0x08000178   Section        0  libinit2.o(.ARM.Collect$$libinit$$00000015)
    .ARM.Collect$$libinit$$00000017          0x08000178   Section        0  libinit2.o(.ARM.Collect$$libinit$$00000017)
    .ARM.Collect$$libinit$$00000019          0x08000178   Section        0  libinit2.o(.ARM.Collect$$libinit$$00000019)
    .ARM.Collect$$libinit$$0000001B          0x08000178   Section        0  libinit2.o(.ARM.Collect$$libinit$$0000001B)
    .ARM.Collect$$libinit$$0000001D          0x08000178   Section        0  libinit2.o(.ARM.Collect$$libinit$$0000001D)
    .ARM.Collect$$libinit$$0000001F          0x08000178   Section        0  libinit2.o(.ARM.Collect$$libinit$$0000001F)
    .ARM.Collect$$libinit$$00000021          0x08000178   Section        0  libinit2.o(.ARM.Collect$$libinit$$00000021)
    .ARM.Collect$$libinit$$00000023          0x08000178   Section        0  libinit2.o(.ARM.Collect$$libinit$$00000023)
    .ARM.Collect$$libinit$$00000025          0x08000178   Section        0  libinit2.o(.ARM.Collect$$libinit$$00000025)
    .ARM.Collect$$libinit$$0000002C          0x08000178   Section        0  libinit2.o(.ARM.Collect$$libinit$$0000002C)
    .ARM.Collect$$libinit$$0000002E          0x08000178   Section        0  libinit2.o(.ARM.Collect$$libinit$$0000002E)
    .ARM.Collect$$libinit$$00000030          0x08000178   Section        0  libinit2.o(.ARM.Collect$$libinit$$00000030)
    .ARM.Collect$$libinit$$00000032          0x08000178   Section        0  libinit2.o(.ARM.Collect$$libinit$$00000032)
    .ARM.Collect$$libinit$$00000033          0x08000178   Section        2  libinit2.o(.ARM.Collect$$libinit$$00000033)
    .ARM.Collect$$libshutdown$$00000000      0x0800017a   Section        2  libshutdown.o(.ARM.Collect$$libshutdown$$00000000)
    .ARM.Collect$$libshutdown$$00000002      0x0800017c   Section        0  libshutdown2.o(.ARM.Collect$$libshutdown$$00000002)
    .ARM.Collect$$libshutdown$$00000004      0x0800017c   Section        0  libshutdown2.o(.ARM.Collect$$libshutdown$$00000004)
    .ARM.Collect$$libshutdown$$00000007      0x0800017c   Section        0  libshutdown2.o(.ARM.Collect$$libshutdown$$00000007)
    .ARM.Collect$$libshutdown$$0000000A      0x0800017c   Section        0  libshutdown2.o(.ARM.Collect$$libshutdown$$0000000A)
    .ARM.Collect$$libshutdown$$0000000C      0x0800017c   Section        0  libshutdown2.o(.ARM.Collect$$libshutdown$$0000000C)
    .ARM.Collect$$libshutdown$$0000000F      0x0800017c   Section        0  libshutdown2.o(.ARM.Collect$$libshutdown$$0000000F)
    .ARM.Collect$$libshutdown$$00000010      0x0800017c   Section        2  libshutdown2.o(.ARM.Collect$$libshutdown$$00000010)
    .ARM.Collect$$rtentry$$00000000          0x0800017e   Section        0  __rtentry.o(.ARM.Collect$$rtentry$$00000000)
    .ARM.Collect$$rtentry$$00000002          0x0800017e   Section        0  __rtentry2.o(.ARM.Collect$$rtentry$$00000002)
    .ARM.Collect$$rtentry$$00000004          0x0800017e   Section        6  __rtentry4.o(.ARM.Collect$$rtentry$$00000004)
    .ARM.Collect$$rtentry$$00000009          0x08000184   Section        0  __rtentry2.o(.ARM.Collect$$rtentry$$00000009)
    .ARM.Collect$$rtentry$$0000000A          0x08000184   Section        4  __rtentry2.o(.ARM.Collect$$rtentry$$0000000A)
    .ARM.Collect$$rtentry$$0000000C          0x08000188   Section        0  __rtentry2.o(.ARM.Collect$$rtentry$$0000000C)
    .ARM.Collect$$rtentry$$0000000D          0x08000188   Section        8  __rtentry2.o(.ARM.Collect$$rtentry$$0000000D)
    .ARM.Collect$$rtexit$$00000000           0x08000190   Section        2  rtexit.o(.ARM.Collect$$rtexit$$00000000)
    .ARM.Collect$$rtexit$$00000002           0x08000192   Section        0  rtexit2.o(.ARM.Collect$$rtexit$$00000002)
    .ARM.Collect$$rtexit$$00000003           0x08000192   Section        4  rtexit2.o(.ARM.Collect$$rtexit$$00000003)
    .ARM.Collect$$rtexit$$00000004           0x08000196   Section        6  rtexit2.o(.ARM.Collect$$rtexit$$00000004)
    .text                                    0x0800019c   Section       64  startup_stm32f10x_md.o(.text)
    .text                                    0x080001dc   Section        2  use_no_semi_2.o(.text)
    .text                                    0x080001e0   Section        0  noretval__2sprintf.o(.text)
    .text                                    0x08000208   Section        0  _printf_pad.o(.text)
    .text                                    0x08000256   Section        0  _printf_str.o(.text)
    .text                                    0x080002a8   Section        0  _printf_dec.o(.text)
    .text                                    0x08000320   Section        0  _printf_hex_int.o(.text)
    .text                                    0x08000378   Section        0  __printf_flags_wp.o(.text)
    .text                                    0x080004b0   Section        0  strstr.o(.text)
    .text                                    0x080004d4   Section       16  aeabi_memset.o(.text)
    .text                                    0x080004e4   Section       68  rt_memclr.o(.text)
    .text                                    0x08000528   Section        0  heapauxi.o(.text)
    .text                                    0x0800052e   Section        2  use_no_semi.o(.text)
    .text                                    0x08000530   Section        0  _printf_intcommon.o(.text)
    .text                                    0x080005e4   Section        0  _printf_char_common.o(.text)
    _printf_input_char                       0x080005e5   Thumb Code    10  _printf_char_common.o(.text)
    .text                                    0x08000614   Section        0  _sputc.o(.text)
    .text                                    0x0800061e   Section        0  _printf_char.o(.text)
    .text                                    0x0800064a   Section       78  rt_memclr_w.o(.text)
    .text                                    0x08000698   Section       74  sys_stackheap_outer.o(.text)
    .text                                    0x080006e2   Section        0  exit.o(.text)
    .text                                    0x080006f4   Section        8  libspace.o(.text)
    i.ADD_ID_MODE                            0x080006fc   Section        0  main.o(i.ADD_ID_MODE)
    i.AS608_Add_Fingerprint                  0x08000814   Section        0  as608.o(i.AS608_Add_Fingerprint)
    i.AS608_Cmd_Get_Img                      0x08000844   Section        0  as608.o(i.AS608_Cmd_Get_Img)
    i.AS608_Cmd_Send_Pack_Head               0x0800086c   Section        0  as608.o(i.AS608_Cmd_Send_Pack_Head)
    i.AS608_Find_Fingerprint                 0x0800087c   Section        0  as608.o(i.AS608_Find_Fingerprint)
    i.AS608_Receive_Data                     0x0800089c   Section        0  as608.o(i.AS608_Receive_Data)
    i.BEEP_AND_RELAY_GPIO_Init               0x080008b8   Section        0  gpio.o(i.BEEP_AND_RELAY_GPIO_Init)
    i.BusFault_Handler                       0x08000918   Section        0  stm32f10x_it.o(i.BusFault_Handler)
    i.BuzzerRingsNum                         0x0800091c   Section        0  main.o(i.BuzzerRingsNum)
    i.CHECK_NEW_MCU                          0x08000958   Section        0  main.o(i.CHECK_NEW_MCU)
    i.COMPER_ID_MODE                         0x080009d0   Section        0  main.o(i.COMPER_ID_MODE)
    i.CalulateCRC                            0x08000b70   Section        0  rc522_function.o(i.CalulateCRC)
    i.Cancel                                 0x08000bdc   Section        0  main.o(i.Cancel)
    i.ClearBitMask                           0x08000c70   Section        0  rc522_function.o(i.ClearBitMask)
    i.DEL_ID_MODE                            0x08000c8c   Section        0  main.o(i.DEL_ID_MODE)
    i.Dao_xu                                 0x08000db0   Section        0  lcd1602.o(i.Dao_xu)
    i.DataInit                               0x08000dd8   Section        0  main.o(i.DataInit)
    i.DebugMon_Handler                       0x08000dfc   Section        0  stm32f10x_it.o(i.DebugMon_Handler)
    i.Ensure                                 0x08000e00   Section        0  main.o(i.Ensure)
    i.FINGERPRINT_Cmd_Delete_All_Model       0x0800112c   Section        0  as608.o(i.FINGERPRINT_Cmd_Delete_All_Model)
    i.FINGERPRINT_Cmd_Img_To_Buffer1         0x08001154   Section        0  as608.o(i.FINGERPRINT_Cmd_Img_To_Buffer1)
    i.FINGERPRINT_Cmd_Img_To_Buffer2         0x0800117c   Section        0  as608.o(i.FINGERPRINT_Cmd_Img_To_Buffer2)
    i.FINGERPRINT_Cmd_Reg_Model              0x080011a4   Section        0  as608.o(i.FINGERPRINT_Cmd_Reg_Model)
    i.FINGERPRINT_Cmd_Save_Finger            0x080011cc   Section        0  as608.o(i.FINGERPRINT_Cmd_Save_Finger)
    i.FINGERPRINT_Cmd_Search_Finger          0x0800121c   Section        0  as608.o(i.FINGERPRINT_Cmd_Search_Finger)
    i.FLASH_ErasePage                        0x08001254   Section        0  stm32f10x_flash.o(i.FLASH_ErasePage)
    i.FLASH_GetBank1Status                   0x080012a0   Section        0  stm32f10x_flash.o(i.FLASH_GetBank1Status)
    i.FLASH_Lock                             0x080012d4   Section        0  stm32f10x_flash.o(i.FLASH_Lock)
    i.FLASH_ProgramHalfWord                  0x080012e8   Section        0  stm32f10x_flash.o(i.FLASH_ProgramHalfWord)
    i.FLASH_Unlock                           0x08001328   Section        0  stm32f10x_flash.o(i.FLASH_Unlock)
    i.FLASH_WaitForLastOperation             0x08001340   Section        0  stm32f10x_flash.o(i.FLASH_WaitForLastOperation)
    i.GET_PID                                0x08001366   Section        0  rc522_function.o(i.GET_PID)
    i.GPIO_Init                              0x080013a2   Section        0  stm32f10x_gpio.o(i.GPIO_Init)
    i.GPIO_PinRemapConfig                    0x080014b8   Section        0  stm32f10x_gpio.o(i.GPIO_PinRemapConfig)
    i.GPIO_ReadInputData                     0x08001548   Section        0  stm32f10x_gpio.o(i.GPIO_ReadInputData)
    i.GPIO_ReadInputDataBit                  0x08001550   Section        0  stm32f10x_gpio.o(i.GPIO_ReadInputDataBit)
    i.GPIO_ReadOutputData                    0x08001562   Section        0  stm32f10x_gpio.o(i.GPIO_ReadOutputData)
    i.GPIO_ResetBits                         0x0800156a   Section        0  stm32f10x_gpio.o(i.GPIO_ResetBits)
    i.GPIO_SetBits                           0x0800156e   Section        0  stm32f10x_gpio.o(i.GPIO_SetBits)
    i.GPIO_Write                             0x08001572   Section        0  stm32f10x_gpio.o(i.GPIO_Write)
    i.GPIO_WriteBit                          0x08001576   Section        0  stm32f10x_gpio.o(i.GPIO_WriteBit)
    i.HardFault_Handler                      0x08001580   Section        0  stm32f10x_it.o(i.HardFault_Handler)
    i.KEYSCAN                                0x08001584   Section        0  gpio.o(i.KEYSCAN)
    i.KEY_DELAY                              0x080016d8   Section        0  gpio.o(i.KEY_DELAY)
    i.KEY_GPIO_Init                          0x080016ec   Section        0  gpio.o(i.KEY_GPIO_Init)
    i.KeyPress                               0x08001704   Section        0  main.o(i.KeyPress)
    i.LCD_Init                               0x0800190c   Section        0  lcd1602.o(i.LCD_Init)
    i.LCD_Write_Com                          0x080019ac   Section        0  lcd1602.o(i.LCD_Write_Com)
    i.LCD_Write_Data                         0x08001a10   Section        0  lcd1602.o(i.LCD_Write_Data)
    i.LCD_Write_String                       0x08001a70   Section        0  lcd1602.o(i.LCD_Write_String)
    i.M500PcdConfigISOType                   0x08001aa2   Section        0  rc522_function.o(i.M500PcdConfigISOType)
    i.MemManage_Handler                      0x08001af6   Section        0  stm32f10x_it.o(i.MemManage_Handler)
    i.NMI_Handler                            0x08001afa   Section        0  stm32f10x_it.o(i.NMI_Handler)
    i.NVIC_Configuration                     0x08001afc   Section        0  sys.o(i.NVIC_Configuration)
    i.NVIC_Init                              0x08001b08   Section        0  misc.o(i.NVIC_Init)
    i.NVIC_PriorityGroupConfig               0x08001b78   Section        0  misc.o(i.NVIC_PriorityGroupConfig)
    i.PA15_AND_PB3_5IN_AND_PB6_9OUT          0x08001b8c   Section        0  gpio.o(i.PA15_AND_PB3_5IN_AND_PB6_9OUT)
    i.PA15_AND_PB3_5OUT_AND_PB6_9IN          0x08001bf4   Section        0  gpio.o(i.PA15_AND_PB3_5OUT_AND_PB6_9IN)
    i.PS_StaGPIO_Init                        0x08001c5c   Section        0  as608.o(i.PS_StaGPIO_Init)
    i.PcdAntennaOn                           0x08001c88   Section        0  rc522_function.o(i.PcdAntennaOn)
    i.PcdAnticoll                            0x08001ca2   Section        0  rc522_function.o(i.PcdAnticoll)
    i.PcdComMF522                            0x08001d14   Section        0  rc522_function.o(i.PcdComMF522)
    i.PcdRequest                             0x08001e46   Section        0  rc522_function.o(i.PcdRequest)
    i.PcdReset                               0x08001e9c   Section        0  rc522_function.o(i.PcdReset)
    i.PcdSelect                              0x08001f24   Section        0  rc522_function.o(i.PcdSelect)
    i.PendSV_Handler                         0x08001f96   Section        0  stm32f10x_it.o(i.PendSV_Handler)
    i.RC522_Init                             0x08001f98   Section        0  rc522_config.o(i.RC522_Init)
    i.RC522_SCAN                             0x08001fbc   Section        0  main.o(i.RC522_SCAN)
    i.RC522_SPI_Config                       0x08002108   Section        0  rc522_config.o(i.RC522_SPI_Config)
    RC522_SPI_Config                         0x08002109   Thumb Code   178  rc522_config.o(i.RC522_SPI_Config)
    i.RCC_APB1PeriphClockCmd                 0x080021c4   Section        0  stm32f10x_rcc.o(i.RCC_APB1PeriphClockCmd)
    i.RCC_APB1PeriphResetCmd                 0x080021e4   Section        0  stm32f10x_rcc.o(i.RCC_APB1PeriphResetCmd)
    i.RCC_APB2PeriphClockCmd                 0x08002204   Section        0  stm32f10x_rcc.o(i.RCC_APB2PeriphClockCmd)
    i.RCC_APB2PeriphResetCmd                 0x08002224   Section        0  stm32f10x_rcc.o(i.RCC_APB2PeriphResetCmd)
    i.RCC_GetClocksFreq                      0x08002244   Section        0  stm32f10x_rcc.o(i.RCC_GetClocksFreq)
    i.READ_DATA_FOR_FLASH                    0x08002318   Section        0  main.o(i.READ_DATA_FOR_FLASH)
    i.READ_IC_NUM_FOR_FLASH                  0x08002330   Section        0  main.o(i.READ_IC_NUM_FOR_FLASH)
    i.ReadRawRC                              0x0800234c   Section        0  rc522_function.o(i.ReadRawRC)
    i.ResetPassword                          0x08002384   Section        0  main.o(i.ResetPassword)
    i.SPI_RC522_ReadByte                     0x0800254c   Section        0  rc522_function.o(i.SPI_RC522_ReadByte)
    i.SPI_RC522_SendByte                     0x080025a4   Section        0  rc522_function.o(i.SPI_RC522_SendByte)
    i.STMFLASH_Read                          0x08002600   Section        0  stmflash.o(i.STMFLASH_Read)
    i.STMFLASH_ReadHalfWord                  0x08002622   Section        0  stmflash.o(i.STMFLASH_ReadHalfWord)
    i.STMFLASH_Write                         0x08002628   Section        0  stmflash.o(i.STMFLASH_Write)
    i.STMFLASH_Write_NoCheck                 0x08002710   Section        0  stmflash.o(i.STMFLASH_Write_NoCheck)
    i.SVC_Handler                            0x08002736   Section        0  stm32f10x_it.o(i.SVC_Handler)
    i.SetBitMask                             0x08002738   Section        0  rc522_function.o(i.SetBitMask)
    i.SetSysClock                            0x08002752   Section        0  system_stm32f10x.o(i.SetSysClock)
    SetSysClock                              0x08002753   Thumb Code     8  system_stm32f10x.o(i.SetSysClock)
    i.SetSysClockTo72                        0x0800275c   Section        0  system_stm32f10x.o(i.SetSysClockTo72)
    SetSysClockTo72                          0x0800275d   Thumb Code   214  system_stm32f10x.o(i.SetSysClockTo72)
    i.SysTick_CLKSourceConfig                0x0800283c   Section        0  misc.o(i.SysTick_CLKSourceConfig)
    i.SysTick_Handler                        0x08002864   Section        0  stm32f10x_it.o(i.SysTick_Handler)
    i.SystemInit                             0x08002868   Section        0  system_stm32f10x.o(i.SystemInit)
    i.TIM2_IRQHandler                        0x080028c8   Section        0  timer.o(i.TIM2_IRQHandler)
    i.TIM2_Init                              0x08002944   Section        0  timer.o(i.TIM2_Init)
    i.TIM_ClearITPendingBit                  0x080029a0   Section        0  stm32f10x_tim.o(i.TIM_ClearITPendingBit)
    i.TIM_Cmd                                0x080029a6   Section        0  stm32f10x_tim.o(i.TIM_Cmd)
    i.TIM_GetITStatus                        0x080029be   Section        0  stm32f10x_tim.o(i.TIM_GetITStatus)
    i.TIM_ITConfig                           0x080029e0   Section        0  stm32f10x_tim.o(i.TIM_ITConfig)
    i.TIM_TimeBaseInit                       0x080029f4   Section        0  stm32f10x_tim.o(i.TIM_TimeBaseInit)
    i.USART1_IRQHandler                      0x08002a98   Section        0  usart1.o(i.USART1_IRQHandler)
    i.USART_ClearITPendingBit                0x08002ae4   Section        0  stm32f10x_usart.o(i.USART_ClearITPendingBit)
    i.USART_Cmd                              0x08002b02   Section        0  stm32f10x_usart.o(i.USART_Cmd)
    i.USART_DeInit                           0x08002b1c   Section        0  stm32f10x_usart.o(i.USART_DeInit)
    i.USART_GetITStatus                      0x08002bb8   Section        0  stm32f10x_usart.o(i.USART_GetITStatus)
    i.USART_ITConfig                         0x08002c0c   Section        0  stm32f10x_usart.o(i.USART_ITConfig)
    i.USART_Init                             0x08002c58   Section        0  stm32f10x_usart.o(i.USART_Init)
    i.USART_ReceiveData                      0x08002d30   Section        0  stm32f10x_usart.o(i.USART_ReceiveData)
    i.UsageFault_Handler                     0x08002d3a   Section        0  stm32f10x_it.o(i.UsageFault_Handler)
    i.WRITE_DATA_TO_FLASH                    0x08002d40   Section        0  main.o(i.WRITE_DATA_TO_FLASH)
    i.WRITE_IC_NUM_TO_FLASH                  0x08002d5c   Section        0  main.o(i.WRITE_IC_NUM_TO_FLASH)
    i.WriteRawRC                             0x08002d80   Section        0  rc522_function.o(i.WriteRawRC)
    i._is_digit                              0x08002db4   Section        0  __printf_wp.o(i._is_digit)
    i._sys_exit                              0x08002dc2   Section        0  usart1.o(i._sys_exit)
    i.delay_init                             0x08002dc8   Section        0  delay.o(i.delay_init)
    i.delay_ms                               0x08002e0c   Section        0  delay.o(i.delay_ms)
    i.delay_us                               0x08002e58   Section        0  delay.o(i.delay_us)
    i.display_user_id                        0x08002ea4   Section        0  main.o(i.display_user_id)
    i.finger_ctrl                            0x08002f20   Section        0  main.o(i.finger_ctrl)
    i.main                                   0x08003084   Section        0  main.o(i.main)
    i.uart1_Init                             0x080031e0   Section        0  usart1.o(i.uart1_Init)
    i.uart1_send                             0x0800329c   Section        0  usart1.o(i.uart1_send)
    i.uart_recv                              0x080032c8   Section        0  as608.o(i.uart_recv)
    .constdata                               0x0800331c   Section       40  _printf_hex_int.o(.constdata)
    uc_hextab                                0x0800331c   Data          20  _printf_hex_int.o(.constdata)
    lc_hextab                                0x08003330   Data          20  _printf_hex_int.o(.constdata)
    .constdata                               0x08003344   Section       17  __printf_flags_wp.o(.constdata)
    maptable                                 0x08003344   Data          17  __printf_flags_wp.o(.constdata)
    .data                                    0x20000000   Section       20  stm32f10x_rcc.o(.data)
    APBAHBPrescTable                         0x20000000   Data          16  stm32f10x_rcc.o(.data)
    ADCPrescTable                            0x20000010   Data           4  stm32f10x_rcc.o(.data)
    .data                                    0x20000014   Section        1  timer.o(.data)
    time_count                               0x20000014   Data           1  timer.o(.data)
    .data                                    0x20000015   Section       68  as608.o(.data)
    .data                                    0x2000005a   Section       56  main.o(.data)
    i                                        0x20000091   Data           1  main.o(.data)
    .data                                    0x20000094   Section       20  system_stm32f10x.o(.data)
    .data                                    0x200000a8   Section        4  delay.o(.data)
    fac_us                                   0x200000a8   Data           1  delay.o(.data)
    fac_ms                                   0x200000aa   Data           2  delay.o(.data)
    .data                                    0x200000ac   Section        8  usart1.o(.data)
    .bss                                     0x200000b4   Section     1024  stmflash.o(.bss)
    .bss                                     0x200004b4   Section       24  as608.o(.bss)
    .bss                                     0x200004cc   Section       10  main.o(.bss)
    .bss                                     0x200004d6   Section       48  usart1.o(.bss)
    .bss                                     0x20000508   Section       96  libspace.o(.bss)
    HEAP                                     0x20000568   Section      512  startup_stm32f10x_md.o(HEAP)
    Heap_Mem                                 0x20000568   Data         512  startup_stm32f10x_md.o(HEAP)
    STACK                                    0x20000768   Section     1024  startup_stm32f10x_md.o(STACK)
    Stack_Mem                                0x20000768   Data        1024  startup_stm32f10x_md.o(STACK)
    __initial_sp                             0x20000b68   Data           0  startup_stm32f10x_md.o(STACK)

    Global Symbols

    Symbol Name                              Value     Ov Type        Size  Object(Section)

    BuildAttributes$$THM_ISAv4$P$D$K$B$S$PE$A:L22UL41UL21$X:L11$S22US41US21$IEEE1$IW$USESV6$~STKCKD$USESV7$~SHL$OSPACE$ROPI$EBA8$UX$STANDARDLIB$REQ8$PRES8$EABIv2 0x00000000   Number         0  anon$$obj.o ABSOLUTE
    __ARM_use_no_argv                        0x00000000   Number         0  main.o ABSOLUTE
    _printf_flags                            0x00000000   Number         0  printf_stubs.o ABSOLUTE
    _printf_return_value                     0x00000000   Number         0  printf_stubs.o ABSOLUTE
    _printf_sizespec                         0x00000000   Number         0  printf_stubs.o ABSOLUTE
    _printf_widthprec                        0x00000000   Number         0  printf_stubs.o ABSOLUTE
    __ARM_exceptions_init                     - Undefined Weak Reference
    __alloca_initialize                       - Undefined Weak Reference
    __arm_preinit_                            - Undefined Weak Reference
    __cpp_initialize__aeabi_                  - Undefined Weak Reference
    __cxa_finalize                            - Undefined Weak Reference
    __rt_locale                               - Undefined Weak Reference
    __sigvec_lookup                           - Undefined Weak Reference
    _atexit_init                              - Undefined Weak Reference
    _call_atexit_fns                          - Undefined Weak Reference
    _clock_init                               - Undefined Weak Reference
    _fp_trap_init                             - Undefined Weak Reference
    _fp_trap_shutdown                         - Undefined Weak Reference
    _get_lc_collate                           - Undefined Weak Reference
    _get_lc_ctype                             - Undefined Weak Reference
    _get_lc_monetary                          - Undefined Weak Reference
    _get_lc_numeric                           - Undefined Weak Reference
    _get_lc_time                              - Undefined Weak Reference
    _getenv_init                              - Undefined Weak Reference
    _handle_redirection                       - Undefined Weak Reference
    _init_alloc                               - Undefined Weak Reference
    _init_user_alloc                          - Undefined Weak Reference
    _initio                                   - Undefined Weak Reference
    _mutex_acquire                            - Undefined Weak Reference
    _mutex_release                            - Undefined Weak Reference
    _printf_mbtowc                            - Undefined Weak Reference
    _printf_truncate_signed                   - Undefined Weak Reference
    _printf_truncate_unsigned                 - Undefined Weak Reference
    _rand_init                                - Undefined Weak Reference
    _signal_finish                            - Undefined Weak Reference
    _signal_init                              - Undefined Weak Reference
    _terminate_alloc                          - Undefined Weak Reference
    _terminate_user_alloc                     - Undefined Weak Reference
    _terminateio                              - Undefined Weak Reference
    __Vectors_Size                           0x000000ec   Number         0  startup_stm32f10x_md.o ABSOLUTE
    __Vectors                                0x08000000   Data           4  startup_stm32f10x_md.o(RESET)
    __Vectors_End                            0x080000ec   Data           0  startup_stm32f10x_md.o(RESET)
    __main                                   0x080000ed   Thumb Code     8  __main.o(!!!main)
    __scatterload                            0x080000f5   Thumb Code     0  __scatter.o(!!!scatter)
    __scatterload_rt2                        0x080000f5   Thumb Code    44  __scatter.o(!!!scatter)
    __scatterload_rt2_thumb_only             0x080000f5   Thumb Code     0  __scatter.o(!!!scatter)
    __scatterload_null                       0x08000103   Thumb Code     0  __scatter.o(!!!scatter)
    __scatterload_copy                       0x08000129   Thumb Code    26  __scatter_copy.o(!!handler_copy)
    __scatterload_zeroinit                   0x08000145   Thumb Code    28  __scatter_zi.o(!!handler_zi)
    _printf_d                                0x08000161   Thumb Code     0  _printf_d.o(.ARM.Collect$$_printf_percent$$00000009)
    _printf_percent                          0x08000161   Thumb Code     0  _printf_percent.o(.ARM.Collect$$_printf_percent$$00000000)
    _printf_x                                0x08000167   Thumb Code     0  _printf_x.o(.ARM.Collect$$_printf_percent$$0000000C)
    _printf_s                                0x0800016d   Thumb Code     0  _printf_s.o(.ARM.Collect$$_printf_percent$$00000014)
    _printf_percent_end                      0x08000173   Thumb Code     0  _printf_percent_end.o(.ARM.Collect$$_printf_percent$$00000017)
    __rt_lib_init                            0x08000177   Thumb Code     0  libinit.o(.ARM.Collect$$libinit$$00000000)
    __rt_lib_init_alloca_1                   0x08000179   Thumb Code     0  libinit2.o(.ARM.Collect$$libinit$$0000002E)
    __rt_lib_init_argv_1                     0x08000179   Thumb Code     0  libinit2.o(.ARM.Collect$$libinit$$0000002C)
    __rt_lib_init_atexit_1                   0x08000179   Thumb Code     0  libinit2.o(.ARM.Collect$$libinit$$0000001B)
    __rt_lib_init_clock_1                    0x08000179   Thumb Code     0  libinit2.o(.ARM.Collect$$libinit$$00000021)
    __rt_lib_init_cpp_1                      0x08000179   Thumb Code     0  libinit2.o(.ARM.Collect$$libinit$$00000032)
    __rt_lib_init_exceptions_1               0x08000179   Thumb Code     0  libinit2.o(.ARM.Collect$$libinit$$00000030)
    __rt_lib_init_fp_1                       0x08000179   Thumb Code     0  libinit2.o(.ARM.Collect$$libinit$$00000002)
    __rt_lib_init_fp_trap_1                  0x08000179   Thumb Code     0  libinit2.o(.ARM.Collect$$libinit$$0000001F)
    __rt_lib_init_getenv_1                   0x08000179   Thumb Code     0  libinit2.o(.ARM.Collect$$libinit$$00000023)
    __rt_lib_init_heap_1                     0x08000179   Thumb Code     0  libinit2.o(.ARM.Collect$$libinit$$0000000A)
    __rt_lib_init_lc_collate_1               0x08000179   Thumb Code     0  libinit2.o(.ARM.Collect$$libinit$$00000011)
    __rt_lib_init_lc_ctype_1                 0x08000179   Thumb Code     0  libinit2.o(.ARM.Collect$$libinit$$00000013)
    __rt_lib_init_lc_monetary_1              0x08000179   Thumb Code     0  libinit2.o(.ARM.Collect$$libinit$$00000015)
    __rt_lib_init_lc_numeric_1               0x08000179   Thumb Code     0  libinit2.o(.ARM.Collect$$libinit$$00000017)
    __rt_lib_init_lc_time_1                  0x08000179   Thumb Code     0  libinit2.o(.ARM.Collect$$libinit$$00000019)
    __rt_lib_init_preinit_1                  0x08000179   Thumb Code     0  libinit2.o(.ARM.Collect$$libinit$$00000004)
    __rt_lib_init_rand_1                     0x08000179   Thumb Code     0  libinit2.o(.ARM.Collect$$libinit$$0000000E)
    __rt_lib_init_return                     0x08000179   Thumb Code     0  libinit2.o(.ARM.Collect$$libinit$$00000033)
    __rt_lib_init_signal_1                   0x08000179   Thumb Code     0  libinit2.o(.ARM.Collect$$libinit$$0000001D)
    __rt_lib_init_stdio_1                    0x08000179   Thumb Code     0  libinit2.o(.ARM.Collect$$libinit$$00000025)
    __rt_lib_init_user_alloc_1               0x08000179   Thumb Code     0  libinit2.o(.ARM.Collect$$libinit$$0000000C)
    __rt_lib_shutdown                        0x0800017b   Thumb Code     0  libshutdown.o(.ARM.Collect$$libshutdown$$00000000)
    __rt_lib_shutdown_cpp_1                  0x0800017d   Thumb Code     0  libshutdown2.o(.ARM.Collect$$libshutdown$$00000002)
    __rt_lib_shutdown_fp_trap_1              0x0800017d   Thumb Code     0  libshutdown2.o(.ARM.Collect$$libshutdown$$00000007)
    __rt_lib_shutdown_heap_1                 0x0800017d   Thumb Code     0  libshutdown2.o(.ARM.Collect$$libshutdown$$0000000F)
    __rt_lib_shutdown_return                 0x0800017d   Thumb Code     0  libshutdown2.o(.ARM.Collect$$libshutdown$$00000010)
    __rt_lib_shutdown_signal_1               0x0800017d   Thumb Code     0  libshutdown2.o(.ARM.Collect$$libshutdown$$0000000A)
    __rt_lib_shutdown_stdio_1                0x0800017d   Thumb Code     0  libshutdown2.o(.ARM.Collect$$libshutdown$$00000004)
    __rt_lib_shutdown_user_alloc_1           0x0800017d   Thumb Code     0  libshutdown2.o(.ARM.Collect$$libshutdown$$0000000C)
    __rt_entry                               0x0800017f   Thumb Code     0  __rtentry.o(.ARM.Collect$$rtentry$$00000000)
    __rt_entry_presh_1                       0x0800017f   Thumb Code     0  __rtentry2.o(.ARM.Collect$$rtentry$$00000002)
    __rt_entry_sh                            0x0800017f   Thumb Code     0  __rtentry4.o(.ARM.Collect$$rtentry$$00000004)
    __rt_entry_li                            0x08000185   Thumb Code     0  __rtentry2.o(.ARM.Collect$$rtentry$$0000000A)
    __rt_entry_postsh_1                      0x08000185   Thumb Code     0  __rtentry2.o(.ARM.Collect$$rtentry$$00000009)
    __rt_entry_main                          0x08000189   Thumb Code     0  __rtentry2.o(.ARM.Collect$$rtentry$$0000000D)
    __rt_entry_postli_1                      0x08000189   Thumb Code     0  __rtentry2.o(.ARM.Collect$$rtentry$$0000000C)
    __rt_exit                                0x08000191   Thumb Code     0  rtexit.o(.ARM.Collect$$rtexit$$00000000)
    __rt_exit_ls                             0x08000193   Thumb Code     0  rtexit2.o(.ARM.Collect$$rtexit$$00000003)
    __rt_exit_prels_1                        0x08000193   Thumb Code     0  rtexit2.o(.ARM.Collect$$rtexit$$00000002)
    __rt_exit_exit                           0x08000197   Thumb Code     0  rtexit2.o(.ARM.Collect$$rtexit$$00000004)
    Reset_Handler                            0x0800019d   Thumb Code     8  startup_stm32f10x_md.o(.text)
    ADC1_2_IRQHandler                        0x080001b7   Thumb Code     0  startup_stm32f10x_md.o(.text)
    CAN1_RX1_IRQHandler                      0x080001b7   Thumb Code     0  startup_stm32f10x_md.o(.text)
    CAN1_SCE_IRQHandler                      0x080001b7   Thumb Code     0  startup_stm32f10x_md.o(.text)
    DMA1_Channel1_IRQHandler                 0x080001b7   Thumb Code     0  startup_stm32f10x_md.o(.text)
    DMA1_Channel2_IRQHandler                 0x080001b7   Thumb Code     0  startup_stm32f10x_md.o(.text)
    DMA1_Channel3_IRQHandler                 0x080001b7   Thumb Code     0  startup_stm32f10x_md.o(.text)
    DMA1_Channel4_IRQHandler                 0x080001b7   Thumb Code     0  startup_stm32f10x_md.o(.text)
    DMA1_Channel5_IRQHandler                 0x080001b7   Thumb Code     0  startup_stm32f10x_md.o(.text)
    DMA1_Channel6_IRQHandler                 0x080001b7   Thumb Code     0  startup_stm32f10x_md.o(.text)
    DMA1_Channel7_IRQHandler                 0x080001b7   Thumb Code     0  startup_stm32f10x_md.o(.text)
    EXTI0_IRQHandler                         0x080001b7   Thumb Code     0  startup_stm32f10x_md.o(.text)
    EXTI15_10_IRQHandler                     0x080001b7   Thumb Code     0  startup_stm32f10x_md.o(.text)
    EXTI1_IRQHandler                         0x080001b7   Thumb Code     0  startup_stm32f10x_md.o(.text)
    EXTI2_IRQHandler                         0x080001b7   Thumb Code     0  startup_stm32f10x_md.o(.text)
    EXTI3_IRQHandler                         0x080001b7   Thumb Code     0  startup_stm32f10x_md.o(.text)
    EXTI4_IRQHandler                         0x080001b7   Thumb Code     0  startup_stm32f10x_md.o(.text)
    EXTI9_5_IRQHandler                       0x080001b7   Thumb Code     0  startup_stm32f10x_md.o(.text)
    FLASH_IRQHandler                         0x080001b7   Thumb Code     0  startup_stm32f10x_md.o(.text)
    I2C1_ER_IRQHandler                       0x080001b7   Thumb Code     0  startup_stm32f10x_md.o(.text)
    I2C1_EV_IRQHandler                       0x080001b7   Thumb Code     0  startup_stm32f10x_md.o(.text)
    I2C2_ER_IRQHandler                       0x080001b7   Thumb Code     0  startup_stm32f10x_md.o(.text)
    I2C2_EV_IRQHandler                       0x080001b7   Thumb Code     0  startup_stm32f10x_md.o(.text)
    PVD_IRQHandler                           0x080001b7   Thumb Code     0  startup_stm32f10x_md.o(.text)
    RCC_IRQHandler                           0x080001b7   Thumb Code     0  startup_stm32f10x_md.o(.text)
    RTCAlarm_IRQHandler                      0x080001b7   Thumb Code     0  startup_stm32f10x_md.o(.text)
    RTC_IRQHandler                           0x080001b7   Thumb Code     0  startup_stm32f10x_md.o(.text)
    SPI1_IRQHandler                          0x080001b7   Thumb Code     0  startup_stm32f10x_md.o(.text)
    SPI2_IRQHandler                          0x080001b7   Thumb Code     0  startup_stm32f10x_md.o(.text)
    TAMPER_IRQHandler                        0x080001b7   Thumb Code     0  startup_stm32f10x_md.o(.text)
    TIM1_BRK_IRQHandler                      0x080001b7   Thumb Code     0  startup_stm32f10x_md.o(.text)
    TIM1_CC_IRQHandler                       0x080001b7   Thumb Code     0  startup_stm32f10x_md.o(.text)
    TIM1_TRG_COM_IRQHandler                  0x080001b7   Thumb Code     0  startup_stm32f10x_md.o(.text)
    TIM1_UP_IRQHandler                       0x080001b7   Thumb Code     0  startup_stm32f10x_md.o(.text)
    TIM3_IRQHandler                          0x080001b7   Thumb Code     0  startup_stm32f10x_md.o(.text)
    TIM4_IRQHandler                          0x080001b7   Thumb Code     0  startup_stm32f10x_md.o(.text)
    USART2_IRQHandler                        0x080001b7   Thumb Code     0  startup_stm32f10x_md.o(.text)
    USART3_IRQHandler                        0x080001b7   Thumb Code     0  startup_stm32f10x_md.o(.text)
    USBWakeUp_IRQHandler                     0x080001b7   Thumb Code     0  startup_stm32f10x_md.o(.text)
    USB_HP_CAN1_TX_IRQHandler                0x080001b7   Thumb Code     0  startup_stm32f10x_md.o(.text)
    USB_LP_CAN1_RX0_IRQHandler               0x080001b7   Thumb Code     0  startup_stm32f10x_md.o(.text)
    WWDG_IRQHandler                          0x080001b7   Thumb Code     0  startup_stm32f10x_md.o(.text)
    __user_initial_stackheap                 0x080001b9   Thumb Code     0  startup_stm32f10x_md.o(.text)
    __use_no_semihosting                     0x080001dd   Thumb Code     2  use_no_semi_2.o(.text)
    __2sprintf                               0x080001e1   Thumb Code    34  noretval__2sprintf.o(.text)
    _printf_pre_padding                      0x08000209   Thumb Code    44  _printf_pad.o(.text)
    _printf_post_padding                     0x08000235   Thumb Code    34  _printf_pad.o(.text)
    _printf_str                              0x08000257   Thumb Code    82  _printf_str.o(.text)
    _printf_int_dec                          0x080002a9   Thumb Code   104  _printf_dec.o(.text)
    _printf_int_hex                          0x08000321   Thumb Code    84  _printf_hex_int.o(.text)
    _printf_longlong_hex                     0x08000321   Thumb Code     0  _printf_hex_int.o(.text)
    __printf                                 0x08000379   Thumb Code   308  __printf_flags_wp.o(.text)
    strstr                                   0x080004b1   Thumb Code    36  strstr.o(.text)
    __aeabi_memset                           0x080004d5   Thumb Code    16  aeabi_memset.o(.text)
    __aeabi_memclr                           0x080004e5   Thumb Code     0  rt_memclr.o(.text)
    __rt_memclr                              0x080004e5   Thumb Code    68  rt_memclr.o(.text)
    _memset                                  0x080004e9   Thumb Code     0  rt_memclr.o(.text)
    __use_two_region_memory                  0x08000529   Thumb Code     2  heapauxi.o(.text)
    __rt_heap_escrow$2region                 0x0800052b   Thumb Code     2  heapauxi.o(.text)
    __rt_heap_expand$2region                 0x0800052d   Thumb Code     2  heapauxi.o(.text)
    __I$use$semihosting                      0x0800052f   Thumb Code     0  use_no_semi.o(.text)
    __use_no_semihosting_swi                 0x0800052f   Thumb Code     2  use_no_semi.o(.text)
    _printf_int_common                       0x08000531   Thumb Code   178  _printf_intcommon.o(.text)
    _printf_char_common                      0x080005ef   Thumb Code    32  _printf_char_common.o(.text)
    _sputc                                   0x08000615   Thumb Code    10  _sputc.o(.text)
    _printf_cs_common                        0x0800061f   Thumb Code    20  _printf_char.o(.text)
    _printf_char                             0x08000633   Thumb Code    16  _printf_char.o(.text)
    _printf_string                           0x08000643   Thumb Code     8  _printf_char.o(.text)
    __aeabi_memclr4                          0x0800064b   Thumb Code     0  rt_memclr_w.o(.text)
    __aeabi_memclr8                          0x0800064b   Thumb Code     0  rt_memclr_w.o(.text)
    __rt_memclr_w                            0x0800064b   Thumb Code    78  rt_memclr_w.o(.text)
    _memset_w                                0x0800064f   Thumb Code     0  rt_memclr_w.o(.text)
    __user_setup_stackheap                   0x08000699   Thumb Code    74  sys_stackheap_outer.o(.text)
    exit                                     0x080006e3   Thumb Code    18  exit.o(.text)
    __user_libspace                          0x080006f5   Thumb Code     8  libspace.o(.text)
    __user_perproc_libspace                  0x080006f5   Thumb Code     0  libspace.o(.text)
    __user_perthread_libspace                0x080006f5   Thumb Code     0  libspace.o(.text)
    ADD_ID_MODE                              0x080006fd   Thumb Code   188  main.o(i.ADD_ID_MODE)
    AS608_Add_Fingerprint                    0x08000815   Thumb Code    48  as608.o(i.AS608_Add_Fingerprint)
    AS608_Cmd_Get_Img                        0x08000845   Thumb Code    32  as608.o(i.AS608_Cmd_Get_Img)
    AS608_Cmd_Send_Pack_Head                 0x0800086d   Thumb Code    12  as608.o(i.AS608_Cmd_Send_Pack_Head)
    AS608_Find_Fingerprint                   0x0800087d   Thumb Code    32  as608.o(i.AS608_Find_Fingerprint)
    AS608_Receive_Data                       0x0800089d   Thumb Code    22  as608.o(i.AS608_Receive_Data)
    BEEP_AND_RELAY_GPIO_Init                 0x080008b9   Thumb Code    88  gpio.o(i.BEEP_AND_RELAY_GPIO_Init)
    BusFault_Handler                         0x08000919   Thumb Code     4  stm32f10x_it.o(i.BusFault_Handler)
    BuzzerRingsNum                           0x0800091d   Thumb Code    50  main.o(i.BuzzerRingsNum)
    CHECK_NEW_MCU                            0x08000959   Thumb Code   100  main.o(i.CHECK_NEW_MCU)
    COMPER_ID_MODE                           0x080009d1   Thumb Code   278  main.o(i.COMPER_ID_MODE)
    CalulateCRC                              0x08000b71   Thumb Code   108  rc522_function.o(i.CalulateCRC)
    Cancel                                   0x08000bdd   Thumb Code    84  main.o(i.Cancel)
    ClearBitMask                             0x08000c71   Thumb Code    26  rc522_function.o(i.ClearBitMask)
    DEL_ID_MODE                              0x08000c8d   Thumb Code   186  main.o(i.DEL_ID_MODE)
    Dao_xu                                   0x08000db1   Thumb Code    40  lcd1602.o(i.Dao_xu)
    DataInit                                 0x08000dd9   Thumb Code    28  main.o(i.DataInit)
    DebugMon_Handler                         0x08000dfd   Thumb Code     2  stm32f10x_it.o(i.DebugMon_Handler)
    Ensure                                   0x08000e01   Thumb Code   572  main.o(i.Ensure)
    FINGERPRINT_Cmd_Delete_All_Model         0x0800112d   Thumb Code    32  as608.o(i.FINGERPRINT_Cmd_Delete_All_Model)
    FINGERPRINT_Cmd_Img_To_Buffer1           0x08001155   Thumb Code    32  as608.o(i.FINGERPRINT_Cmd_Img_To_Buffer1)
    FINGERPRINT_Cmd_Img_To_Buffer2           0x0800117d   Thumb Code    32  as608.o(i.FINGERPRINT_Cmd_Img_To_Buffer2)
    FINGERPRINT_Cmd_Reg_Model                0x080011a5   Thumb Code    32  as608.o(i.FINGERPRINT_Cmd_Reg_Model)
    FINGERPRINT_Cmd_Save_Finger              0x080011cd   Thumb Code    72  as608.o(i.FINGERPRINT_Cmd_Save_Finger)
    FINGERPRINT_Cmd_Search_Finger            0x0800121d   Thumb Code    48  as608.o(i.FINGERPRINT_Cmd_Search_Finger)
    FLASH_ErasePage                          0x08001255   Thumb Code    72  stm32f10x_flash.o(i.FLASH_ErasePage)
    FLASH_GetBank1Status                     0x080012a1   Thumb Code    48  stm32f10x_flash.o(i.FLASH_GetBank1Status)
    FLASH_Lock                               0x080012d5   Thumb Code    14  stm32f10x_flash.o(i.FLASH_Lock)
    FLASH_ProgramHalfWord                    0x080012e9   Thumb Code    60  stm32f10x_flash.o(i.FLASH_ProgramHalfWord)
    FLASH_Unlock                             0x08001329   Thumb Code    12  stm32f10x_flash.o(i.FLASH_Unlock)
    FLASH_WaitForLastOperation               0x08001341   Thumb Code    38  stm32f10x_flash.o(i.FLASH_WaitForLastOperation)
    GET_PID                                  0x08001367   Thumb Code    60  rc522_function.o(i.GET_PID)
    GPIO_Init                                0x080013a3   Thumb Code   278  stm32f10x_gpio.o(i.GPIO_Init)
    GPIO_PinRemapConfig                      0x080014b9   Thumb Code   138  stm32f10x_gpio.o(i.GPIO_PinRemapConfig)
    GPIO_ReadInputData                       0x08001549   Thumb Code     8  stm32f10x_gpio.o(i.GPIO_ReadInputData)
    GPIO_ReadInputDataBit                    0x08001551   Thumb Code    18  stm32f10x_gpio.o(i.GPIO_ReadInputDataBit)
    GPIO_ReadOutputData                      0x08001563   Thumb Code     8  stm32f10x_gpio.o(i.GPIO_ReadOutputData)
    GPIO_ResetBits                           0x0800156b   Thumb Code     4  stm32f10x_gpio.o(i.GPIO_ResetBits)
    GPIO_SetBits                             0x0800156f   Thumb Code     4  stm32f10x_gpio.o(i.GPIO_SetBits)
    GPIO_Write                               0x08001573   Thumb Code     4  stm32f10x_gpio.o(i.GPIO_Write)
    GPIO_WriteBit                            0x08001577   Thumb Code    10  stm32f10x_gpio.o(i.GPIO_WriteBit)
    HardFault_Handler                        0x08001581   Thumb Code     4  stm32f10x_it.o(i.HardFault_Handler)
    KEYSCAN                                  0x08001585   Thumb Code   332  gpio.o(i.KEYSCAN)
    KEY_DELAY                                0x080016d9   Thumb Code    18  gpio.o(i.KEY_DELAY)
    KEY_GPIO_Init                            0x080016ed   Thumb Code    20  gpio.o(i.KEY_GPIO_Init)
    KeyPress                                 0x08001705   Thumb Code   432  main.o(i.KeyPress)
    LCD_Init                                 0x0800190d   Thumb Code   150  lcd1602.o(i.LCD_Init)
    LCD_Write_Com                            0x080019ad   Thumb Code    86  lcd1602.o(i.LCD_Write_Com)
    LCD_Write_Data                           0x08001a11   Thumb Code    84  lcd1602.o(i.LCD_Write_Data)
    LCD_Write_String                         0x08001a71   Thumb Code    50  lcd1602.o(i.LCD_Write_String)
    M500PcdConfigISOType                     0x08001aa3   Thumb Code    84  rc522_function.o(i.M500PcdConfigISOType)
    MemManage_Handler                        0x08001af7   Thumb Code     4  stm32f10x_it.o(i.MemManage_Handler)
    NMI_Handler                              0x08001afb   Thumb Code     2  stm32f10x_it.o(i.NMI_Handler)
    NVIC_Configuration                       0x08001afd   Thumb Code    12  sys.o(i.NVIC_Configuration)
    NVIC_Init                                0x08001b09   Thumb Code   100  misc.o(i.NVIC_Init)
    NVIC_PriorityGroupConfig                 0x08001b79   Thumb Code    10  misc.o(i.NVIC_PriorityGroupConfig)
    PA15_AND_PB3_5IN_AND_PB6_9OUT            0x08001b8d   Thumb Code    94  gpio.o(i.PA15_AND_PB3_5IN_AND_PB6_9OUT)
    PA15_AND_PB3_5OUT_AND_PB6_9IN            0x08001bf5   Thumb Code    94  gpio.o(i.PA15_AND_PB3_5OUT_AND_PB6_9IN)
    PS_StaGPIO_Init                          0x08001c5d   Thumb Code    40  as608.o(i.PS_StaGPIO_Init)
    PcdAntennaOn                             0x08001c89   Thumb Code    26  rc522_function.o(i.PcdAntennaOn)
    PcdAnticoll                              0x08001ca3   Thumb Code   114  rc522_function.o(i.PcdAnticoll)
    PcdComMF522                              0x08001d15   Thumb Code   306  rc522_function.o(i.PcdComMF522)
    PcdRequest                               0x08001e47   Thumb Code    86  rc522_function.o(i.PcdRequest)
    PcdReset                                 0x08001e9d   Thumb Code   130  rc522_function.o(i.PcdReset)
    PcdSelect                                0x08001f25   Thumb Code   114  rc522_function.o(i.PcdSelect)
    PendSV_Handler                           0x08001f97   Thumb Code     2  stm32f10x_it.o(i.PendSV_Handler)
    RC522_Init                               0x08001f99   Thumb Code    28  rc522_config.o(i.RC522_Init)
    RC522_SCAN                               0x08001fbd   Thumb Code   174  main.o(i.RC522_SCAN)
    RCC_APB1PeriphClockCmd                   0x080021c5   Thumb Code    26  stm32f10x_rcc.o(i.RCC_APB1PeriphClockCmd)
    RCC_APB1PeriphResetCmd                   0x080021e5   Thumb Code    26  stm32f10x_rcc.o(i.RCC_APB1PeriphResetCmd)
    RCC_APB2PeriphClockCmd                   0x08002205   Thumb Code    26  stm32f10x_rcc.o(i.RCC_APB2PeriphClockCmd)
    RCC_APB2PeriphResetCmd                   0x08002225   Thumb Code    26  stm32f10x_rcc.o(i.RCC_APB2PeriphResetCmd)
    RCC_GetClocksFreq                        0x08002245   Thumb Code   192  stm32f10x_rcc.o(i.RCC_GetClocksFreq)
    READ_DATA_FOR_FLASH                      0x08002319   Thumb Code    18  main.o(i.READ_DATA_FOR_FLASH)
    READ_IC_NUM_FOR_FLASH                    0x08002331   Thumb Code    24  main.o(i.READ_IC_NUM_FOR_FLASH)
    ReadRawRC                                0x0800234d   Thumb Code    50  rc522_function.o(i.ReadRawRC)
    ResetPassword                            0x08002385   Thumb Code   342  main.o(i.ResetPassword)
    SPI_RC522_ReadByte                       0x0800254d   Thumb Code    78  rc522_function.o(i.SPI_RC522_ReadByte)
    SPI_RC522_SendByte                       0x080025a5   Thumb Code    88  rc522_function.o(i.SPI_RC522_SendByte)
    STMFLASH_Read                            0x08002601   Thumb Code    34  stmflash.o(i.STMFLASH_Read)
    STMFLASH_ReadHalfWord                    0x08002623   Thumb Code     6  stmflash.o(i.STMFLASH_ReadHalfWord)
    STMFLASH_Write                           0x08002629   Thumb Code   222  stmflash.o(i.STMFLASH_Write)
    STMFLASH_Write_NoCheck                   0x08002711   Thumb Code    38  stmflash.o(i.STMFLASH_Write_NoCheck)
    SVC_Handler                              0x08002737   Thumb Code     2  stm32f10x_it.o(i.SVC_Handler)
    SetBitMask                               0x08002739   Thumb Code    26  rc522_function.o(i.SetBitMask)
    SysTick_CLKSourceConfig                  0x0800283d   Thumb Code    40  misc.o(i.SysTick_CLKSourceConfig)
    SysTick_Handler                          0x08002865   Thumb Code     2  stm32f10x_it.o(i.SysTick_Handler)
    SystemInit                               0x08002869   Thumb Code    78  system_stm32f10x.o(i.SystemInit)
    TIM2_IRQHandler                          0x080028c9   Thumb Code   100  timer.o(i.TIM2_IRQHandler)
    TIM2_Init                                0x08002945   Thumb Code    92  timer.o(i.TIM2_Init)
    TIM_ClearITPendingBit                    0x080029a1   Thumb Code     6  stm32f10x_tim.o(i.TIM_ClearITPendingBit)
    TIM_Cmd                                  0x080029a7   Thumb Code    24  stm32f10x_tim.o(i.TIM_Cmd)
    TIM_GetITStatus                          0x080029bf   Thumb Code    34  stm32f10x_tim.o(i.TIM_GetITStatus)
    TIM_ITConfig                             0x080029e1   Thumb Code    18  stm32f10x_tim.o(i.TIM_ITConfig)
    TIM_TimeBaseInit                         0x080029f5   Thumb Code   122  stm32f10x_tim.o(i.TIM_TimeBaseInit)
    USART1_IRQHandler                        0x08002a99   Thumb Code    64  usart1.o(i.USART1_IRQHandler)
    USART_ClearITPendingBit                  0x08002ae5   Thumb Code    30  stm32f10x_usart.o(i.USART_ClearITPendingBit)
    USART_Cmd                                0x08002b03   Thumb Code    24  stm32f10x_usart.o(i.USART_Cmd)
    USART_DeInit                             0x08002b1d   Thumb Code   134  stm32f10x_usart.o(i.USART_DeInit)
    USART_GetITStatus                        0x08002bb9   Thumb Code    84  stm32f10x_usart.o(i.USART_GetITStatus)
    USART_ITConfig                           0x08002c0d   Thumb Code    74  stm32f10x_usart.o(i.USART_ITConfig)
    USART_Init                               0x08002c59   Thumb Code   210  stm32f10x_usart.o(i.USART_Init)
    USART_ReceiveData                        0x08002d31   Thumb Code    10  stm32f10x_usart.o(i.USART_ReceiveData)
    UsageFault_Handler                       0x08002d3b   Thumb Code     4  stm32f10x_it.o(i.UsageFault_Handler)
    WRITE_DATA_TO_FLASH                      0x08002d41   Thumb Code    24  main.o(i.WRITE_DATA_TO_FLASH)
    WRITE_IC_NUM_TO_FLASH                    0x08002d5d   Thumb Code    30  main.o(i.WRITE_IC_NUM_TO_FLASH)
    WriteRawRC                               0x08002d81   Thumb Code    46  rc522_function.o(i.WriteRawRC)
    _is_digit                                0x08002db5   Thumb Code    14  __printf_wp.o(i._is_digit)
    _sys_exit                                0x08002dc3   Thumb Code     6  usart1.o(i._sys_exit)
    delay_init                               0x08002dc9   Thumb Code    50  delay.o(i.delay_init)
    delay_ms                                 0x08002e0d   Thumb Code    72  delay.o(i.delay_ms)
    delay_us                                 0x08002e59   Thumb Code    72  delay.o(i.delay_us)
    display_user_id                          0x08002ea5   Thumb Code   118  main.o(i.display_user_id)
    finger_ctrl                              0x08002f21   Thumb Code   244  main.o(i.finger_ctrl)
    main                                     0x08003085   Thumb Code   238  main.o(i.main)
    uart1_Init                               0x080031e1   Thumb Code   178  usart1.o(i.uart1_Init)
    uart1_send                               0x0800329d   Thumb Code    38  usart1.o(i.uart1_send)
    uart_recv                                0x080032c9   Thumb Code    76  as608.o(i.uart_recv)
    Region$$Table$$Base                      0x08003358   Number         0  anon$$obj.o(Region$$Table)
    Region$$Table$$Limit                     0x08003378   Number         0  anon$$obj.o(Region$$Table)
    AS608_Pack_Head                          0x20000015   Data           6  as608.o(.data)
    AS608_Get_Img                            0x2000001b   Data           6  as608.o(.data)
    FP_Search                                0x20000021   Data          11  as608.o(.data)
    FP_Img_To_Buffer1                        0x2000002c   Data           7  as608.o(.data)
    FP_Img_To_Buffer2                        0x20000033   Data           7  as608.o(.data)
    FP_Reg_Model                             0x2000003a   Data           6  as608.o(.data)
    FP_Delet_All_Model                       0x20000040   Data           6  as608.o(.data)
    FP_Save_Finger                           0x20000046   Data           9  as608.o(.data)
    FP_Delete_Model                          0x2000004f   Data          10  as608.o(.data)
    FlagKeyPress                             0x2000005a   Data           1  main.o(.data)
    keycode                                  0x2000005b   Data           1  main.o(.data)
    operation                                0x2000005c   Data           1  main.o(.data)
    pass                                     0x2000005d   Data           1  main.o(.data)
    ICpass                                   0x2000005e   Data           1  main.o(.data)
    CurrentPassword                          0x2000005f   Data           6  main.o(.data)
    InputData                                0x20000065   Data           6  main.o(.data)
    initpassword                             0x2000006b   Data           6  main.o(.data)
    TempPassword                             0x20000071   Data           6  main.o(.data)
    PressNum                                 0x20000077   Data           1  main.o(.data)
    CorrectCont                              0x20000078   Data           1  main.o(.data)
    ReInputEn                                0x20000079   Data           1  main.o(.data)
    ReInputCont                              0x2000007a   Data           1  main.o(.data)
    ErrorCont                                0x2000007b   Data           1  main.o(.data)
    RELAY_TIME                               0x2000007c   Data           1  main.o(.data)
    InitDisplay                              0x2000007d   Data           1  main.o(.data)
    Register                                 0x2000007e   Data           1  main.o(.data)
    Delete                                   0x2000007f   Data           1  main.o(.data)
    RegFingerprint                           0x20000080   Data           1  main.o(.data)
    user_id                                  0x20000082   Data           2  main.o(.data)
    ID_BUF                                   0x20000084   Data           8  main.o(.data)
    ucArray_ID                               0x2000008c   Data           4  main.o(.data)
    zc                                       0x20000090   Data           1  main.o(.data)
    SystemCoreClock                          0x20000094   Data           4  system_stm32f10x.o(.data)
    AHBPrescTable                            0x20000098   Data          16  system_stm32f10x.o(.data)
    RxCounter                                0x200000ac   Data           4  usart1.o(.data)
    __stdout                                 0x200000b0   Data           4  usart1.o(.data)
    STMFLASH_BUF                             0x200000b4   Data        1024  stmflash.o(.bss)
    AS608_RECEICE_BUFFER                     0x200004b4   Data          24  as608.o(.bss)
    ID_TEMP_Buffer                           0x200004cc   Data          10  main.o(.bss)
    Usart1RecBuf                             0x200004d6   Data          48  usart1.o(.bss)
    __libspace_start                         0x20000508   Data          96  libspace.o(.bss)
    __temporary_stack_top$libspace           0x20000568   Data           0  libspace.o(.bss)



==============================================================================

Memory Map of the image

  Image Entry point : 0x080000ed

  Load Region LR_IROM1 (Base: 0x08000000, Size: 0x0000342c, Max: 0x00010000, ABSOLUTE)

    Execution Region ER_IROM1 (Exec base: 0x08000000, Load base: 0x08000000, Size: 0x00003378, Max: 0x00010000, ABSOLUTE)

    Exec Addr    Load Addr    Size         Type   Attr      Idx    E Section Name        Object

    0x08000000   0x08000000   0x000000ec   Data   RO           19    RESET               startup_stm32f10x_md.o
    0x080000ec   0x080000ec   0x00000008   Code   RO         2605  * !!!main             c_w.l(__main.o)
    0x080000f4   0x080000f4   0x00000034   Code   RO         2779    !!!scatter          c_w.l(__scatter.o)
    0x08000128   0x08000128   0x0000001a   Code   RO         2781    !!handler_copy      c_w.l(__scatter_copy.o)
    0x08000142   0x08000142   0x00000002   PAD
    0x08000144   0x08000144   0x0000001c   Code   RO         2783    !!handler_zi        c_w.l(__scatter_zi.o)
    0x08000160   0x08000160   0x00000000   Code   RO         2596    .ARM.Collect$$_printf_percent$$00000000  c_w.l(_printf_percent.o)
    0x08000160   0x08000160   0x00000006   Code   RO         2595    .ARM.Collect$$_printf_percent$$00000009  c_w.l(_printf_d.o)
    0x08000166   0x08000166   0x00000006   Code   RO         2594    .ARM.Collect$$_printf_percent$$0000000C  c_w.l(_printf_x.o)
    0x0800016c   0x0800016c   0x00000006   Code   RO         2593    .ARM.Collect$$_printf_percent$$00000014  c_w.l(_printf_s.o)
    0x08000172   0x08000172   0x00000004   Code   RO         2620    .ARM.Collect$$_printf_percent$$00000017  c_w.l(_printf_percent_end.o)
    0x08000176   0x08000176   0x00000002   Code   RO         2653    .ARM.Collect$$libinit$$00000000  c_w.l(libinit.o)
    0x08000178   0x08000178   0x00000000   Code   RO         2660    .ARM.Collect$$libinit$$00000002  c_w.l(libinit2.o)
    0x08000178   0x08000178   0x00000000   Code   RO         2662    .ARM.Collect$$libinit$$00000004  c_w.l(libinit2.o)
    0x08000178   0x08000178   0x00000000   Code   RO         2665    .ARM.Collect$$libinit$$0000000A  c_w.l(libinit2.o)
    0x08000178   0x08000178   0x00000000   Code   RO         2667    .ARM.Collect$$libinit$$0000000C  c_w.l(libinit2.o)
    0x08000178   0x08000178   0x00000000   Code   RO         2669    .ARM.Collect$$libinit$$0000000E  c_w.l(libinit2.o)
    0x08000178   0x08000178   0x00000000   Code   RO         2672    .ARM.Collect$$libinit$$00000011  c_w.l(libinit2.o)
    0x08000178   0x08000178   0x00000000   Code   RO         2674    .ARM.Collect$$libinit$$00000013  c_w.l(libinit2.o)
    0x08000178   0x08000178   0x00000000   Code   RO         2676    .ARM.Collect$$libinit$$00000015  c_w.l(libinit2.o)
    0x08000178   0x08000178   0x00000000   Code   RO         2678    .ARM.Collect$$libinit$$00000017  c_w.l(libinit2.o)
    0x08000178   0x08000178   0x00000000   Code   RO         2680    .ARM.Collect$$libinit$$00000019  c_w.l(libinit2.o)
    0x08000178   0x08000178   0x00000000   Code   RO         2682    .ARM.Collect$$libinit$$0000001B  c_w.l(libinit2.o)
    0x08000178   0x08000178   0x00000000   Code   RO         2684    .ARM.Collect$$libinit$$0000001D  c_w.l(libinit2.o)
    0x08000178   0x08000178   0x00000000   Code   RO         2686    .ARM.Collect$$libinit$$0000001F  c_w.l(libinit2.o)
    0x08000178   0x08000178   0x00000000   Code   RO         2688    .ARM.Collect$$libinit$$00000021  c_w.l(libinit2.o)
    0x08000178   0x08000178   0x00000000   Code   RO         2690    .ARM.Collect$$libinit$$00000023  c_w.l(libinit2.o)
    0x08000178   0x08000178   0x00000000   Code   RO         2692    .ARM.Collect$$libinit$$00000025  c_w.l(libinit2.o)
    0x08000178   0x08000178   0x00000000   Code   RO         2696    .ARM.Collect$$libinit$$0000002C  c_w.l(libinit2.o)
    0x08000178   0x08000178   0x00000000   Code   RO         2698    .ARM.Collect$$libinit$$0000002E  c_w.l(libinit2.o)
    0x08000178   0x08000178   0x00000000   Code   RO         2700    .ARM.Collect$$libinit$$00000030  c_w.l(libinit2.o)
    0x08000178   0x08000178   0x00000000   Code   RO         2702    .ARM.Collect$$libinit$$00000032  c_w.l(libinit2.o)
    0x08000178   0x08000178   0x00000002   Code   RO         2703    .ARM.Collect$$libinit$$00000033  c_w.l(libinit2.o)
    0x0800017a   0x0800017a   0x00000002   Code   RO         2721    .ARM.Collect$$libshutdown$$00000000  c_w.l(libshutdown.o)
    0x0800017c   0x0800017c   0x00000000   Code   RO         2731    .ARM.Collect$$libshutdown$$00000002  c_w.l(libshutdown2.o)
    0x0800017c   0x0800017c   0x00000000   Code   RO         2733    .ARM.Collect$$libshutdown$$00000004  c_w.l(libshutdown2.o)
    0x0800017c   0x0800017c   0x00000000   Code   RO         2736    .ARM.Collect$$libshutdown$$00000007  c_w.l(libshutdown2.o)
    0x0800017c   0x0800017c   0x00000000   Code   RO         2739    .ARM.Collect$$libshutdown$$0000000A  c_w.l(libshutdown2.o)
    0x0800017c   0x0800017c   0x00000000   Code   RO         2741    .ARM.Collect$$libshutdown$$0000000C  c_w.l(libshutdown2.o)
    0x0800017c   0x0800017c   0x00000000   Code   RO         2744    .ARM.Collect$$libshutdown$$0000000F  c_w.l(libshutdown2.o)
    0x0800017c   0x0800017c   0x00000002   Code   RO         2745    .ARM.Collect$$libshutdown$$00000010  c_w.l(libshutdown2.o)
    0x0800017e   0x0800017e   0x00000000   Code   RO         2609    .ARM.Collect$$rtentry$$00000000  c_w.l(__rtentry.o)
    0x0800017e   0x0800017e   0x00000000   Code   RO         2624    .ARM.Collect$$rtentry$$00000002  c_w.l(__rtentry2.o)
    0x0800017e   0x0800017e   0x00000006   Code   RO         2636    .ARM.Collect$$rtentry$$00000004  c_w.l(__rtentry4.o)
    0x08000184   0x08000184   0x00000000   Code   RO         2626    .ARM.Collect$$rtentry$$00000009  c_w.l(__rtentry2.o)
    0x08000184   0x08000184   0x00000004   Code   RO         2627    .ARM.Collect$$rtentry$$0000000A  c_w.l(__rtentry2.o)
    0x08000188   0x08000188   0x00000000   Code   RO         2629    .ARM.Collect$$rtentry$$0000000C  c_w.l(__rtentry2.o)
    0x08000188   0x08000188   0x00000008   Code   RO         2630    .ARM.Collect$$rtentry$$0000000D  c_w.l(__rtentry2.o)
    0x08000190   0x08000190   0x00000002   Code   RO         2657    .ARM.Collect$$rtexit$$00000000  c_w.l(rtexit.o)
    0x08000192   0x08000192   0x00000000   Code   RO         2705    .ARM.Collect$$rtexit$$00000002  c_w.l(rtexit2.o)
    0x08000192   0x08000192   0x00000004   Code   RO         2706    .ARM.Collect$$rtexit$$00000003  c_w.l(rtexit2.o)
    0x08000196   0x08000196   0x00000006   Code   RO         2707    .ARM.Collect$$rtexit$$00000004  c_w.l(rtexit2.o)
    0x0800019c   0x0800019c   0x00000040   Code   RO           20    .text               startup_stm32f10x_md.o
    0x080001dc   0x080001dc   0x00000002   Code   RO         2534    .text               c_w.l(use_no_semi_2.o)
    0x080001de   0x080001de   0x00000002   PAD
    0x080001e0   0x080001e0   0x00000028   Code   RO         2542    .text               c_w.l(noretval__2sprintf.o)
    0x08000208   0x08000208   0x0000004e   Code   RO         2546    .text               c_w.l(_printf_pad.o)
    0x08000256   0x08000256   0x00000052   Code   RO         2548    .text               c_w.l(_printf_str.o)
    0x080002a8   0x080002a8   0x00000078   Code   RO         2550    .text               c_w.l(_printf_dec.o)
    0x08000320   0x08000320   0x00000058   Code   RO         2555    .text               c_w.l(_printf_hex_int.o)
    0x08000378   0x08000378   0x00000138   Code   RO         2585    .text               c_w.l(__printf_flags_wp.o)
    0x080004b0   0x080004b0   0x00000024   Code   RO         2597    .text               c_w.l(strstr.o)
    0x080004d4   0x080004d4   0x00000010   Code   RO         2599    .text               c_w.l(aeabi_memset.o)
    0x080004e4   0x080004e4   0x00000044   Code   RO         2601    .text               c_w.l(rt_memclr.o)
    0x08000528   0x08000528   0x00000006   Code   RO         2603    .text               c_w.l(heapauxi.o)
    0x0800052e   0x0800052e   0x00000002   Code   RO         2607    .text               c_w.l(use_no_semi.o)
    0x08000530   0x08000530   0x000000b2   Code   RO         2610    .text               c_w.l(_printf_intcommon.o)
    0x080005e2   0x080005e2   0x00000002   PAD
    0x080005e4   0x080005e4   0x00000030   Code   RO         2612    .text               c_w.l(_printf_char_common.o)
    0x08000614   0x08000614   0x0000000a   Code   RO         2614    .text               c_w.l(_sputc.o)
    0x0800061e   0x0800061e   0x0000002c   Code   RO         2616    .text               c_w.l(_printf_char.o)
    0x0800064a   0x0800064a   0x0000004e   Code   RO         2621    .text               c_w.l(rt_memclr_w.o)
    0x08000698   0x08000698   0x0000004a   Code   RO         2644    .text               c_w.l(sys_stackheap_outer.o)
    0x080006e2   0x080006e2   0x00000012   Code   RO         2646    .text               c_w.l(exit.o)
    0x080006f4   0x080006f4   0x00000008   Code   RO         2654    .text               c_w.l(libspace.o)
    0x080006fc   0x080006fc   0x00000118   Code   RO         2174    i.ADD_ID_MODE       main.o
    0x08000814   0x08000814   0x00000030   Code   RO         2067    i.AS608_Add_Fingerprint  as608.o
    0x08000844   0x08000844   0x00000028   Code   RO         2068    i.AS608_Cmd_Get_Img  as608.o
    0x0800086c   0x0800086c   0x00000010   Code   RO         2069    i.AS608_Cmd_Send_Pack_Head  as608.o
    0x0800087c   0x0800087c   0x00000020   Code   RO         2070    i.AS608_Find_Fingerprint  as608.o
    0x0800089c   0x0800089c   0x0000001c   Code   RO         2071    i.AS608_Receive_Data  as608.o
    0x080008b8   0x080008b8   0x00000060   Code   RO         1686    i.BEEP_AND_RELAY_GPIO_Init  gpio.o
    0x08000918   0x08000918   0x00000004   Code   RO         2308    i.BusFault_Handler  stm32f10x_it.o
    0x0800091c   0x0800091c   0x0000003c   Code   RO         2175    i.BuzzerRingsNum    main.o
    0x08000958   0x08000958   0x00000078   Code   RO         2176    i.CHECK_NEW_MCU     main.o
    0x080009d0   0x080009d0   0x000001a0   Code   RO         2177    i.COMPER_ID_MODE    main.o
    0x08000b70   0x08000b70   0x0000006c   Code   RO         1869    i.CalulateCRC       rc522_function.o
    0x08000bdc   0x08000bdc   0x00000094   Code   RO         2178    i.Cancel            main.o
    0x08000c70   0x08000c70   0x0000001a   Code   RO         1870    i.ClearBitMask      rc522_function.o
    0x08000c8a   0x08000c8a   0x00000002   PAD
    0x08000c8c   0x08000c8c   0x00000124   Code   RO         2179    i.DEL_ID_MODE       main.o
    0x08000db0   0x08000db0   0x00000028   Code   RO         1769    i.Dao_xu            lcd1602.o
    0x08000dd8   0x08000dd8   0x00000024   Code   RO         2180    i.DataInit          main.o
    0x08000dfc   0x08000dfc   0x00000002   Code   RO         2309    i.DebugMon_Handler  stm32f10x_it.o
    0x08000dfe   0x08000dfe   0x00000002   PAD
    0x08000e00   0x08000e00   0x0000032c   Code   RO         2181    i.Ensure            main.o
    0x0800112c   0x0800112c   0x00000028   Code   RO         2072    i.FINGERPRINT_Cmd_Delete_All_Model  as608.o
    0x08001154   0x08001154   0x00000028   Code   RO         2074    i.FINGERPRINT_Cmd_Img_To_Buffer1  as608.o
    0x0800117c   0x0800117c   0x00000028   Code   RO         2075    i.FINGERPRINT_Cmd_Img_To_Buffer2  as608.o
    0x080011a4   0x080011a4   0x00000028   Code   RO         2076    i.FINGERPRINT_Cmd_Reg_Model  as608.o
    0x080011cc   0x080011cc   0x00000050   Code   RO         2077    i.FINGERPRINT_Cmd_Save_Finger  as608.o
    0x0800121c   0x0800121c   0x00000038   Code   RO         2078    i.FINGERPRINT_Cmd_Search_Finger  as608.o
    0x08001254   0x08001254   0x0000004c   Code   RO         1517    i.FLASH_ErasePage   stm32f10x_flash.o
    0x080012a0   0x080012a0   0x00000034   Code   RO         1518    i.FLASH_GetBank1Status  stm32f10x_flash.o
    0x080012d4   0x080012d4   0x00000014   Code   RO         1527    i.FLASH_Lock        stm32f10x_flash.o
    0x080012e8   0x080012e8   0x00000040   Code   RO         1530    i.FLASH_ProgramHalfWord  stm32f10x_flash.o
    0x08001328   0x08001328   0x00000018   Code   RO         1535    i.FLASH_Unlock      stm32f10x_flash.o
    0x08001340   0x08001340   0x00000026   Code   RO         1539    i.FLASH_WaitForLastOperation  stm32f10x_flash.o
    0x08001366   0x08001366   0x0000003c   Code   RO         1871    i.GET_PID           rc522_function.o
    0x080013a2   0x080013a2   0x00000116   Code   RO          383    i.GPIO_Init         stm32f10x_gpio.o
    0x080014b8   0x080014b8   0x00000090   Code   RO          385    i.GPIO_PinRemapConfig  stm32f10x_gpio.o
    0x08001548   0x08001548   0x00000008   Code   RO          386    i.GPIO_ReadInputData  stm32f10x_gpio.o
    0x08001550   0x08001550   0x00000012   Code   RO          387    i.GPIO_ReadInputDataBit  stm32f10x_gpio.o
    0x08001562   0x08001562   0x00000008   Code   RO          388    i.GPIO_ReadOutputData  stm32f10x_gpio.o
    0x0800156a   0x0800156a   0x00000004   Code   RO          390    i.GPIO_ResetBits    stm32f10x_gpio.o
    0x0800156e   0x0800156e   0x00000004   Code   RO          391    i.GPIO_SetBits      stm32f10x_gpio.o
    0x08001572   0x08001572   0x00000004   Code   RO          393    i.GPIO_Write        stm32f10x_gpio.o
    0x08001576   0x08001576   0x0000000a   Code   RO          394    i.GPIO_WriteBit     stm32f10x_gpio.o
    0x08001580   0x08001580   0x00000004   Code   RO         2310    i.HardFault_Handler  stm32f10x_it.o
    0x08001584   0x08001584   0x00000154   Code   RO         1687    i.KEYSCAN           gpio.o
    0x080016d8   0x080016d8   0x00000012   Code   RO         1688    i.KEY_DELAY         gpio.o
    0x080016ea   0x080016ea   0x00000002   PAD
    0x080016ec   0x080016ec   0x00000018   Code   RO         1689    i.KEY_GPIO_Init     gpio.o
    0x08001704   0x08001704   0x00000208   Code   RO         2182    i.KeyPress          main.o
    0x0800190c   0x0800190c   0x000000a0   Code   RO         1771    i.LCD_Init          lcd1602.o
    0x080019ac   0x080019ac   0x00000064   Code   RO         1773    i.LCD_Write_Com     lcd1602.o
    0x08001a10   0x08001a10   0x00000060   Code   RO         1774    i.LCD_Write_Data    lcd1602.o
    0x08001a70   0x08001a70   0x00000032   Code   RO         1775    i.LCD_Write_String  lcd1602.o
    0x08001aa2   0x08001aa2   0x00000054   Code   RO         1874    i.M500PcdConfigISOType  rc522_function.o
    0x08001af6   0x08001af6   0x00000004   Code   RO         2311    i.MemManage_Handler  stm32f10x_it.o
    0x08001afa   0x08001afa   0x00000002   Code   RO         2312    i.NMI_Handler       stm32f10x_it.o
    0x08001afc   0x08001afc   0x0000000c   Code   RO         2464    i.NVIC_Configuration  sys.o
    0x08001b08   0x08001b08   0x00000070   Code   RO           24    i.NVIC_Init         misc.o
    0x08001b78   0x08001b78   0x00000014   Code   RO           25    i.NVIC_PriorityGroupConfig  misc.o
    0x08001b8c   0x08001b8c   0x00000068   Code   RO         1690    i.PA15_AND_PB3_5IN_AND_PB6_9OUT  gpio.o
    0x08001bf4   0x08001bf4   0x00000068   Code   RO         1691    i.PA15_AND_PB3_5OUT_AND_PB6_9IN  gpio.o
    0x08001c5c   0x08001c5c   0x0000002c   Code   RO         2079    i.PS_StaGPIO_Init   as608.o
    0x08001c88   0x08001c88   0x0000001a   Code   RO         1876    i.PcdAntennaOn      rc522_function.o
    0x08001ca2   0x08001ca2   0x00000072   Code   RO         1877    i.PcdAnticoll       rc522_function.o
    0x08001d14   0x08001d14   0x00000132   Code   RO         1879    i.PcdComMF522       rc522_function.o
    0x08001e46   0x08001e46   0x00000056   Code   RO         1882    i.PcdRequest        rc522_function.o
    0x08001e9c   0x08001e9c   0x00000088   Code   RO         1883    i.PcdReset          rc522_function.o
    0x08001f24   0x08001f24   0x00000072   Code   RO         1884    i.PcdSelect         rc522_function.o
    0x08001f96   0x08001f96   0x00000002   Code   RO         2313    i.PendSV_Handler    stm32f10x_it.o
    0x08001f98   0x08001f98   0x00000024   Code   RO         1846    i.RC522_Init        rc522_config.o
    0x08001fbc   0x08001fbc   0x0000014c   Code   RO         2183    i.RC522_SCAN        main.o
    0x08002108   0x08002108   0x000000bc   Code   RO         1847    i.RC522_SPI_Config  rc522_config.o
    0x080021c4   0x080021c4   0x00000020   Code   RO          493    i.RCC_APB1PeriphClockCmd  stm32f10x_rcc.o
    0x080021e4   0x080021e4   0x00000020   Code   RO          494    i.RCC_APB1PeriphResetCmd  stm32f10x_rcc.o
    0x08002204   0x08002204   0x00000020   Code   RO          495    i.RCC_APB2PeriphClockCmd  stm32f10x_rcc.o
    0x08002224   0x08002224   0x00000020   Code   RO          496    i.RCC_APB2PeriphResetCmd  stm32f10x_rcc.o
    0x08002244   0x08002244   0x000000d4   Code   RO          503    i.RCC_GetClocksFreq  stm32f10x_rcc.o
    0x08002318   0x08002318   0x00000018   Code   RO         2184    i.READ_DATA_FOR_FLASH  main.o
    0x08002330   0x08002330   0x0000001c   Code   RO         2185    i.READ_IC_NUM_FOR_FLASH  main.o
    0x0800234c   0x0800234c   0x00000038   Code   RO         1886    i.ReadRawRC         rc522_function.o
    0x08002384   0x08002384   0x000001c8   Code   RO         2186    i.ResetPassword     main.o
    0x0800254c   0x0800254c   0x00000058   Code   RO         1887    i.SPI_RC522_ReadByte  rc522_function.o
    0x080025a4   0x080025a4   0x0000005c   Code   RO         1888    i.SPI_RC522_SendByte  rc522_function.o
    0x08002600   0x08002600   0x00000022   Code   RO         2025    i.STMFLASH_Read     stmflash.o
    0x08002622   0x08002622   0x00000006   Code   RO         2026    i.STMFLASH_ReadHalfWord  stmflash.o
    0x08002628   0x08002628   0x000000e8   Code   RO         2027    i.STMFLASH_Write    stmflash.o
    0x08002710   0x08002710   0x00000026   Code   RO         2028    i.STMFLASH_Write_NoCheck  stmflash.o
    0x08002736   0x08002736   0x00000002   Code   RO         2314    i.SVC_Handler       stm32f10x_it.o
    0x08002738   0x08002738   0x0000001a   Code   RO         1889    i.SetBitMask        rc522_function.o
    0x08002752   0x08002752   0x00000008   Code   RO         2388    i.SetSysClock       system_stm32f10x.o
    0x0800275a   0x0800275a   0x00000002   PAD
    0x0800275c   0x0800275c   0x000000e0   Code   RO         2389    i.SetSysClockTo72   system_stm32f10x.o
    0x0800283c   0x0800283c   0x00000028   Code   RO           28    i.SysTick_CLKSourceConfig  misc.o
    0x08002864   0x08002864   0x00000002   Code   RO         2315    i.SysTick_Handler   stm32f10x_it.o
    0x08002866   0x08002866   0x00000002   PAD
    0x08002868   0x08002868   0x00000060   Code   RO         2391    i.SystemInit        system_stm32f10x.o
    0x080028c8   0x080028c8   0x0000007c   Code   RO         1823    i.TIM2_IRQHandler   timer.o
    0x08002944   0x08002944   0x0000005c   Code   RO         1824    i.TIM2_Init         timer.o
    0x080029a0   0x080029a0   0x00000006   Code   RO          795    i.TIM_ClearITPendingBit  stm32f10x_tim.o
    0x080029a6   0x080029a6   0x00000018   Code   RO          800    i.TIM_Cmd           stm32f10x_tim.o
    0x080029be   0x080029be   0x00000022   Code   RO          821    i.TIM_GetITStatus   stm32f10x_tim.o
    0x080029e0   0x080029e0   0x00000012   Code   RO          825    i.TIM_ITConfig      stm32f10x_tim.o
    0x080029f2   0x080029f2   0x00000002   PAD
    0x080029f4   0x080029f4   0x000000a4   Code   RO          871    i.TIM_TimeBaseInit  stm32f10x_tim.o
    0x08002a98   0x08002a98   0x0000004c   Code   RO         2479    i.USART1_IRQHandler  usart1.o
    0x08002ae4   0x08002ae4   0x0000001e   Code   RO         1333    i.USART_ClearITPendingBit  stm32f10x_usart.o
    0x08002b02   0x08002b02   0x00000018   Code   RO         1336    i.USART_Cmd         stm32f10x_usart.o
    0x08002b1a   0x08002b1a   0x00000002   PAD
    0x08002b1c   0x08002b1c   0x0000009c   Code   RO         1338    i.USART_DeInit      stm32f10x_usart.o
    0x08002bb8   0x08002bb8   0x00000054   Code   RO         1340    i.USART_GetITStatus  stm32f10x_usart.o
    0x08002c0c   0x08002c0c   0x0000004a   Code   RO         1342    i.USART_ITConfig    stm32f10x_usart.o
    0x08002c56   0x08002c56   0x00000002   PAD
    0x08002c58   0x08002c58   0x000000d8   Code   RO         1343    i.USART_Init        stm32f10x_usart.o
    0x08002d30   0x08002d30   0x0000000a   Code   RO         1350    i.USART_ReceiveData  stm32f10x_usart.o
    0x08002d3a   0x08002d3a   0x00000004   Code   RO         2316    i.UsageFault_Handler  stm32f10x_it.o
    0x08002d3e   0x08002d3e   0x00000002   PAD
    0x08002d40   0x08002d40   0x0000001c   Code   RO         2187    i.WRITE_DATA_TO_FLASH  main.o
    0x08002d5c   0x08002d5c   0x00000024   Code   RO         2188    i.WRITE_IC_NUM_TO_FLASH  main.o
    0x08002d80   0x08002d80   0x00000034   Code   RO         1890    i.WriteRawRC        rc522_function.o
    0x08002db4   0x08002db4   0x0000000e   Code   RO         2583    i._is_digit         c_w.l(__printf_wp.o)
    0x08002dc2   0x08002dc2   0x00000006   Code   RO         2480    i._sys_exit         usart1.o
    0x08002dc8   0x08002dc8   0x00000044   Code   RO         2435    i.delay_init        delay.o
    0x08002e0c   0x08002e0c   0x0000004c   Code   RO         2436    i.delay_ms          delay.o
    0x08002e58   0x08002e58   0x0000004c   Code   RO         2437    i.delay_us          delay.o
    0x08002ea4   0x08002ea4   0x0000007c   Code   RO         2189    i.display_user_id   main.o
    0x08002f20   0x08002f20   0x00000164   Code   RO         2190    i.finger_ctrl       main.o
    0x08003084   0x08003084   0x0000015c   Code   RO         2191    i.main              main.o
    0x080031e0   0x080031e0   0x000000bc   Code   RO         2482    i.uart1_Init        usart1.o
    0x0800329c   0x0800329c   0x0000002c   Code   RO         2484    i.uart1_send        usart1.o
    0x080032c8   0x080032c8   0x00000054   Code   RO         2080    i.uart_recv         as608.o
    0x0800331c   0x0800331c   0x00000028   Data   RO         2556    .constdata          c_w.l(_printf_hex_int.o)
    0x08003344   0x08003344   0x00000011   Data   RO         2586    .constdata          c_w.l(__printf_flags_wp.o)
    0x08003355   0x08003355   0x00000003   PAD
    0x08003358   0x08003358   0x00000020   Data   RO         2777    Region$$Table       anon$$obj.o


    Execution Region RW_IRAM1 (Exec base: 0x20000000, Load base: 0x08003378, Size: 0x00000b68, Max: 0x00005000, ABSOLUTE)

    Exec Addr    Load Addr    Size         Type   Attr      Idx    E Section Name        Object

    0x20000000   0x08003378   0x00000014   Data   RW          523    .data               stm32f10x_rcc.o
    0x20000014   0x0800338c   0x00000001   Data   RW         1825    .data               timer.o
    0x20000015   0x0800338d   0x00000044   Data   RW         2082    .data               as608.o
    0x20000059   0x080033d1   0x00000001   PAD
    0x2000005a   0x080033d2   0x00000038   Data   RW         2193    .data               main.o
    0x20000092   0x0800340a   0x00000002   PAD
    0x20000094   0x0800340c   0x00000014   Data   RW         2392    .data               system_stm32f10x.o
    0x200000a8   0x08003420   0x00000004   Data   RW         2438    .data               delay.o
    0x200000ac   0x08003424   0x00000008   Data   RW         2486    .data               usart1.o
    0x200000b4        -       0x00000400   Zero   RW         2030    .bss                stmflash.o
    0x200004b4        -       0x00000018   Zero   RW         2081    .bss                as608.o
    0x200004cc        -       0x0000000a   Zero   RW         2192    .bss                main.o
    0x200004d6        -       0x00000030   Zero   RW         2485    .bss                usart1.o
    0x20000506   0x0800342c   0x00000002   PAD
    0x20000508        -       0x00000060   Zero   RW         2655    .bss                c_w.l(libspace.o)
    0x20000568        -       0x00000200   Zero   RW           18    HEAP                startup_stm32f10x_md.o
    0x20000768        -       0x00000400   Zero   RW           17    STACK               startup_stm32f10x_md.o


==============================================================================

Image component sizes


      Code (inc. data)   RO Data    RW Data    ZI Data      Debug   Object Name

       588         78          0         68         24       8868   as608.o
         0          0          0          0          0       4540   core_cm3.o
       220         26          0          4          0       1771   delay.o
       686         40          0          0          0     241449   gpio.o
       446         36          0          0          0       2940   lcd1602.o
      4416       1308          0         56         10      12710   main.o
       172         22          0          0          0     255237   misc.o
       224         18          0          0          0       1033   rc522_config.o
      1374         32          0          0          0      10434   rc522_function.o
        64         26        236          0       1536        804   startup_stm32f10x_md.o
       274         30          0          0          0       3390   stm32f10x_flash.o
       478          6          0          0          0       6626   stm32f10x_gpio.o
        26          0          0          0          0       3830   stm32f10x_it.o
       340         44          0         20          0       5536   stm32f10x_rcc.o
       246         42          0          0          0       3510   stm32f10x_tim.o
       594         28          0          0          0       6183   stm32f10x_usart.o
       310         10          0          0       1024       3437   stmflash.o
        12          0          0          0          0        469   sys.o
       328         28          0         20          0       2117   system_stm32f10x.o
       216         24          0          1          0       1198   timer.o
       314         28          0          8         48       4307   usart1.o

    ----------------------------------------------------------------------
     11346       1826        268        180       2644     580389   Object Totals
         0          0         32          0          0          0   (incl. Generated)
        18          0          0          3          2          0   (incl. Padding)

    ----------------------------------------------------------------------

      Code (inc. data)   RO Data    RW Data    ZI Data      Debug   Library Member Name

         8          0          0          0          0         68   __main.o
       312          4         17          0          0         92   __printf_flags_wp.o
        14          0          0          0          0         68   __printf_wp.o
         0          0          0          0          0          0   __rtentry.o
        12          0          0          0          0          0   __rtentry2.o
         6          0          0          0          0          0   __rtentry4.o
        52          8          0          0          0          0   __scatter.o
        26          0          0          0          0          0   __scatter_copy.o
        28          0          0          0          0          0   __scatter_zi.o
        44          0          0          0          0        108   _printf_char.o
        48          6          0          0          0         96   _printf_char_common.o
         6          0          0          0          0          0   _printf_d.o
       120         16          0          0          0         92   _printf_dec.o
        88          4         40          0          0         88   _printf_hex_int.o
       178          0          0          0          0         88   _printf_intcommon.o
        78          0          0          0          0        108   _printf_pad.o
         0          0          0          0          0          0   _printf_percent.o
         4          0          0          0          0          0   _printf_percent_end.o
         6          0          0          0          0          0   _printf_s.o
        82          0          0          0          0         80   _printf_str.o
         6          0          0          0          0          0   _printf_x.o
        10          0          0          0          0         68   _sputc.o
        16          0          0          0          0         68   aeabi_memset.o
        18          0          0          0          0         80   exit.o
         6          0          0          0          0        152   heapauxi.o
         2          0          0          0          0          0   libinit.o
         2          0          0          0          0          0   libinit2.o
         2          0          0          0          0          0   libshutdown.o
         2          0          0          0          0          0   libshutdown2.o
         8          4          0          0         96         68   libspace.o
        40          6          0          0          0         84   noretval__2sprintf.o
        68          0          0          0          0         68   rt_memclr.o
        78          0          0          0          0         80   rt_memclr_w.o
         2          0          0          0          0          0   rtexit.o
        10          0          0          0          0          0   rtexit2.o
        36          0          0          0          0         80   strstr.o
        74          0          0          0          0         80   sys_stackheap_outer.o
         2          0          0          0          0         68   use_no_semi.o
         2          0          0          0          0         68   use_no_semi_2.o

    ----------------------------------------------------------------------
      1502         48         60          0         96       1852   Library Totals
         6          0          3          0          0          0   (incl. Padding)

    ----------------------------------------------------------------------

      Code (inc. data)   RO Data    RW Data    ZI Data      Debug   Library Name

      1496         48         57          0         96       1852   c_w.l

    ----------------------------------------------------------------------
      1502         48         60          0         96       1852   Library Totals

    ----------------------------------------------------------------------

==============================================================================


      Code (inc. data)   RO Data    RW Data    ZI Data      Debug   

     12848       1874        328        180       2740     575269   Grand Totals
     12848       1874        328        180       2740     575269   ELF Image Totals
     12848       1874        328        180          0          0   ROM Totals

==============================================================================

    Total RO  Size (Code + RO Data)                13176 (  12.87kB)
    Total RW  Size (RW Data + ZI Data)              2920 (   2.85kB)
    Total ROM Size (Code + RO Data + RW Data)      13356 (  13.04kB)

==============================================================================

